Component: ARM Compiler 6.14 Tool: armlink [5db06800]

==============================================================================

Section Cross References

    startup_stm32f103xb.o(STACK) refers (Special) to heapauxi.o(.text) for __use_two_region_memory
    startup_stm32f103xb.o(HEAP) refers (Special) to heapauxi.o(.text) for __use_two_region_memory
    startup_stm32f103xb.o(RESET) refers (Special) to heapauxi.o(.text) for __use_two_region_memory
    startup_stm32f103xb.o(RESET) refers to startup_stm32f103xb.o(STACK) for __initial_sp
    startup_stm32f103xb.o(RESET) refers to startup_stm32f103xb.o(.text) for Reset_Handler
    startup_stm32f103xb.o(RESET) refers to stm32f1xx_it.o(.text.NMI_Handler) for NMI_Handler
    startup_stm32f103xb.o(RESET) refers to stm32f1xx_it.o(.text.HardFault_Handler) for HardFault_Handler
    startup_stm32f103xb.o(RESET) refers to stm32f1xx_it.o(.text.MemManage_Handler) for MemManage_Handler
    startup_stm32f103xb.o(RESET) refers to stm32f1xx_it.o(.text.BusFault_Handler) for BusFault_Handler
    startup_stm32f103xb.o(RESET) refers to stm32f1xx_it.o(.text.UsageFault_Handler) for UsageFault_Handler
    startup_stm32f103xb.o(RESET) refers to stm32f1xx_it.o(.text.SVC_Handler) for SVC_Handler
    startup_stm32f103xb.o(RESET) refers to stm32f1xx_it.o(.text.DebugMon_Handler) for DebugMon_Handler
    startup_stm32f103xb.o(RESET) refers to stm32f1xx_it.o(.text.PendSV_Handler) for PendSV_Handler
    startup_stm32f103xb.o(RESET) refers to stm32f1xx_it.o(.text.SysTick_Handler) for SysTick_Handler
    startup_stm32f103xb.o(RESET) refers to stm32f1xx_it.o(.text.DMA1_Channel1_IRQHandler) for DMA1_Channel1_IRQHandler
    startup_stm32f103xb.o(.text) refers (Special) to heapauxi.o(.text) for __use_two_region_memory
    startup_stm32f103xb.o(.text) refers to system_stm32f1xx.o(.text.SystemInit) for SystemInit
    startup_stm32f103xb.o(.text) refers to __main.o(!!!main) for __main
    startup_stm32f103xb.o(.text) refers to startup_stm32f103xb.o(HEAP) for Heap_Mem
    startup_stm32f103xb.o(.text) refers to startup_stm32f103xb.o(STACK) for Stack_Mem
    arm_const_structs.o(.rodata.arm_cfft_sR_f32_len64) refers to arm_common_tables.o(.rodata.twiddleCoef_64) for twiddleCoef_64
    arm_const_structs.o(.rodata.arm_cfft_sR_f32_len64) refers to arm_common_tables.o(.rodata.armBitRevIndexTable64) for armBitRevIndexTable64
    arm_const_structs.o(.rodata.arm_rfft_fast_sR_f32_len128) refers to arm_common_tables.o(.rodata.twiddleCoef_64) for twiddleCoef_64
    arm_const_structs.o(.rodata.arm_rfft_fast_sR_f32_len128) refers to arm_common_tables.o(.rodata.armBitRevIndexTable64) for armBitRevIndexTable64
    arm_const_structs.o(.rodata.arm_rfft_fast_sR_f32_len128) refers to arm_common_tables.o(.rodata.twiddleCoef_rfft_128) for twiddleCoef_rfft_128
    arm_cfft_f32.o(.text.arm_cfft_f32) refers to arm_cfft_f32.o(.text.arm_cfft_radix8by4_f32) for arm_cfft_radix8by4_f32
    arm_cfft_f32.o(.text.arm_cfft_f32) refers to arm_cfft_f32.o(.text.arm_cfft_radix8by2_f32) for arm_cfft_radix8by2_f32
    arm_cfft_f32.o(.text.arm_cfft_f32) refers to arm_bitreversal2.o(.text.arm_bitreversal_32) for arm_bitreversal_32
    arm_cfft_f32.o(.text.arm_cfft_f32) refers to fflt_clz.o(x$fpl$ffltu) for __aeabi_ui2f
    arm_cfft_f32.o(.text.arm_cfft_f32) refers to fdiv.o(x$fpl$fdiv) for __aeabi_fdiv
    arm_cfft_f32.o(.text.arm_cfft_f32) refers to fmul.o(x$fpl$fmul) for __aeabi_fmul
    arm_cfft_f32.o(.text.arm_cfft_f32) refers to arm_cfft_radix8_f32.o(.text.arm_radix8_butterfly_f32) for arm_radix8_butterfly_f32
    arm_cfft_f32.o(.ARM.exidx.text.arm_cfft_f32) refers to arm_cfft_f32.o(.text.arm_cfft_f32) for [Anonymous Symbol]
    arm_cfft_f32.o(.text.arm_cfft_radix8by2_f32) refers to faddsub_clz.o(x$fpl$fadd) for __aeabi_fadd
    arm_cfft_f32.o(.text.arm_cfft_radix8by2_f32) refers to faddsub_clz.o(x$fpl$fsub) for __aeabi_fsub
    arm_cfft_f32.o(.text.arm_cfft_radix8by2_f32) refers to fmul.o(x$fpl$fmul) for __aeabi_fmul
    arm_cfft_f32.o(.text.arm_cfft_radix8by2_f32) refers to arm_cfft_radix8_f32.o(.text.arm_radix8_butterfly_f32) for arm_radix8_butterfly_f32
    arm_cfft_f32.o(.ARM.exidx.text.arm_cfft_radix8by2_f32) refers to arm_cfft_f32.o(.text.arm_cfft_radix8by2_f32) for [Anonymous Symbol]
    arm_cfft_f32.o(.text.arm_cfft_radix8by4_f32) refers to faddsub_clz.o(x$fpl$fadd) for __aeabi_fadd
    arm_cfft_f32.o(.text.arm_cfft_radix8by4_f32) refers to faddsub_clz.o(x$fpl$fsub) for __aeabi_fsub
    arm_cfft_f32.o(.text.arm_cfft_radix8by4_f32) refers to fmul.o(x$fpl$fmul) for __aeabi_fmul
    arm_cfft_f32.o(.text.arm_cfft_radix8by4_f32) refers to arm_cfft_radix8_f32.o(.text.arm_radix8_butterfly_f32) for arm_radix8_butterfly_f32
    arm_cfft_f32.o(.ARM.exidx.text.arm_cfft_radix8by4_f32) refers to arm_cfft_f32.o(.text.arm_cfft_radix8by4_f32) for [Anonymous Symbol]
    arm_cfft_radix8_f32.o(.text.arm_radix8_butterfly_f32) refers to faddsub_clz.o(x$fpl$fadd) for __aeabi_fadd
[...]
    .text                                    0x0800038c   Section       78  rt_memclr_w.o(.text)
    .text                                    0x080003da   Section        0  heapauxi.o(.text)
    .text                                    0x080003e0   Section        8  rt_heap_descriptor_intlibspace.o(.text)
    .text                                    0x080003e8   Section        0  hguard.o(.text)
    .text                                    0x080003ec   Section        0  init_alloc.o(.text)
    .text                                    0x08000476   Section        0  h1_init.o(.text)
    .text                                    0x08000484   Section        0  _printf_intcommon.o(.text)
    _printf_input_char                       0x08000539   Thumb Code    10  _printf_char_common.o(.text)
    .text                                    0x08000538   Section        0  _printf_char_common.o(.text)
    .text                                    0x08000568   Section        0  _sputc.o(.text)
    .text                                    0x08000574   Section        8  libspace.o(.text)
    .text                                    0x0800057c   Section        0  maybetermalloc1.o(.text)
    .text                                    0x0800057c   Section        0  h1_extend.o(.text)
    .text                                    0x080005b0   Section        0  defsig_rtmem_outer.o(.text)
    .text                                    0x080005be   Section        2  use_no_semi.o(.text)
    .text                                    0x080005c0   Section        0  indicate_semi.o(.text)
    .text                                    0x080005c0   Section       74  sys_stackheap_outer.o(.text)
    .text                                    0x0800060a   Section        0  exit.o(.text)
    .text                                    0x0800061c   Section        0  defsig_exit.o(.text)
    .text                                    0x08000628   Section        0  defsig_rtmem_inner.o(.text)
    .text                                    0x08000678   Section        0  sys_exit.o(.text)
    .text                                    0x08000684   Section        0  defsig_general.o(.text)
    .text                                    0x080006b6   Section        0  sys_wrch.o(.text)
    [Anonymous Symbol]                       0x080006c4   Section        0  stm32f1xx_hal_adc.o(.text.ADC_ConversionStop_Disable)
    [Anonymous Symbol]                       0x0800071c   Section        0  stm32f1xx_hal_adc.o(.text.ADC_DMAConvCplt)
    [Anonymous Symbol]                       0x08000770   Section        0  stm32f1xx_hal_adc.o(.text.ADC_DMAError)
    [Anonymous Symbol]                       0x0800078c   Section        0  stm32f1xx_hal_adc.o(.text.ADC_DMAHalfConvCplt)
    [Anonymous Symbol]                       0x08000798   Section        0  stm32f1xx_hal_adc.o(.text.ADC_Enable)
    [Anonymous Symbol]                       0x0800082c   Section        0  stm32f1xx_it.o(.text.BusFault_Handler)
    [Anonymous Symbol]                       0x08000830   Section        0  stm32f1xx_it.o(.text.DMA1_Channel1_IRQHandler)
    DMA_SetConfig                            0x08000841   Thumb Code    44  stm32f1xx_hal_dma.o(.text.DMA_SetConfig)
    [Anonymous Symbol]                       0x08000840   Section        0  stm32f1xx_hal_dma.o(.text.DMA_SetConfig)
    [Anonymous Symbol]                       0x0800086c   Section        0  stm32f1xx_it.o(.text.DebugMon_Handler)
    [Anonymous Symbol]                       0x08000870   Section        0  main.o(.text.Error_Handler)
    [Anonymous Symbol]                       0x0800087c   Section        0  stm32f1xx_hal_adc.o(.text.HAL_ADC_ConfigChannel)
    [Anonymous Symbol]                       0x08000988   Section        0  main.o(.text.HAL_ADC_ConvCpltCallback)
    [Anonymous Symbol]                       0x08000998   Section        0  stm32f1xx_hal_adc.o(.text.HAL_ADC_ConvHalfCpltCallback)
    [Anonymous Symbol]                       0x0800099c   Section        0  stm32f1xx_hal_adc.o(.text.HAL_ADC_ErrorCallback)
    [Anonymous Symbol]                       0x080009a0   Section        0  stm32f1xx_hal_adc.o(.text.HAL_ADC_GetValue)
    [Anonymous Symbol]                       0x080009a8   Section        0  stm32f1xx_hal_adc.o(.text.HAL_ADC_Init)
    [Anonymous Symbol]                       0x08000ac4   Section        0  stm32f1xx_hal_msp.o(.text.HAL_ADC_MspInit)
    [Anonymous Symbol]                       0x08000bbc   Section        0  stm32f1xx_hal_adc.o(.text.HAL_ADC_PollForConversion)
    [Anonymous Symbol]                       0x08000d48   Section        0  stm32f1xx_hal_adc.o(.text.HAL_ADC_Start)
    [Anonymous Symbol]                       0x08000e28   Section        0  stm32f1xx_hal_adc.o(.text.HAL_ADC_Start_DMA)
    [Anonymous Symbol]                       0x08000f60   Section        0  stm32f1xx_hal_adc.o(.text.HAL_ADC_Stop)
    [Anonymous Symbol]                       0x08000f94   Section        0  stm32f1xx_hal_dma.o(.text.HAL_DMA_IRQHandler)
    [Anonymous Symbol]                       0x08001118   Section        0  stm32f1xx_hal_dma.o(.text.HAL_DMA_Init)
    [Anonymous Symbol]                       0x080011a0   Section        0  stm32f1xx_hal_dma.o(.text.HAL_DMA_Start_IT)
    [Anonymous Symbol]                       0x0800120c   Section        0  stm32f1xx_hal.o(.text.HAL_Delay)
    [Anonymous Symbol]                       0x08001234   Section        0  stm32f1xx_hal_gpio.o(.text.HAL_GPIO_Init)
    [Anonymous Symbol]                       0x08001450   Section        0  stm32f1xx_hal_gpio.o(.text.HAL_GPIO_WritePin)
    [Anonymous Symbol]                       0x0800145c   Section        0  stm32f1xx_hal.o(.text.HAL_GetTick)
    [Anonymous Symbol]                       0x08001468   Section        0  stm32f1xx_hal_i2c.o(.text.HAL_I2C_Init)
    [Anonymous Symbol]                       0x080015f8   Section        0  stm32f1xx_hal_i2c.o(.text.HAL_I2C_Master_Transmit)
    [Anonymous Symbol]                       0x08001730   Section        0  stm32f1xx_hal_msp.o(.text.HAL_I2C_MspInit)
    [Anonymous Symbol]                       0x080017f0   Section        0  stm32f1xx_hal.o(.text.HAL_IncTick)
    [Anonymous Symbol]                       0x0800180c   Section        0  stm32f1xx_hal.o(.text.HAL_Init)
    [Anonymous Symbol]                       0x08001834   Section        0  stm32f1xx_hal.o(.text.HAL_InitTick)
    [Anonymous Symbol]                       0x08001884   Section        0  stm32f1xx_hal_msp.o(.text.HAL_MspInit)
    [Anonymous Symbol]                       0x080018c8   Section        0  stm32f1xx_hal_cortex.o(.text.HAL_NVIC_EnableIRQ)
    [Anonymous Symbol]                       0x080018d0   Section        0  stm32f1xx_hal_cortex.o(.text.HAL_NVIC_SetPriority)
    [Anonymous Symbol]                       0x080018f0   Section        0  stm32f1xx_hal_cortex.o(.text.HAL_NVIC_SetPriorityGrouping)
    [Anonymous Symbol]                       0x080018f8   Section        0  stm32f1xx_hal_rcc_ex.o(.text.HAL_RCCEx_GetPeriphCLKFreq)
    HAL_RCCEx_GetPeriphCLKFreq.aPLLMULFactorTable 0x080019d8   Number         0  stm32f1xx_hal_rcc_ex.o(.text.HAL_RCCEx_GetPeriphCLKFreq)
    HAL_RCCEx_GetPeriphCLKFreq.aPredivFactorTable 0x080019e8   Number         0  stm32f1xx_hal_rcc_ex.o(.text.HAL_RCCEx_GetPeriphCLKFreq)
    [Anonymous Symbol]                       0x080019ec   Section        0  stm32f1xx_hal_rcc_ex.o(.text.HAL_RCCEx_PeriphCLKConfig)
    [Anonymous Symbol]                       0x08001afc   Section        0  stm32f1xx_hal_rcc.o(.text.HAL_RCC_ClockConfig)
    [Anonymous Symbol]                       0x08001c6c   Section        0  stm32f1xx_hal_rcc.o(.text.HAL_RCC_GetHCLKFreq)
    [Anonymous Symbol]                       0x08001c78   Section        0  stm32f1xx_hal_rcc.o(.text.HAL_RCC_GetPCLK1Freq)
    [Anonymous Symbol]                       0x08001c9c   Section        0  stm32f1xx_hal_rcc.o(.text.HAL_RCC_GetPCLK2Freq)
    [Anonymous Symbol]                       0x08001cc0   Section        0  stm32f1xx_hal_rcc.o(.text.HAL_RCC_GetSysClockFreq)
    HAL_RCC_GetSysClockFreq.aPLLMULFactorTable 0x08001d0c   Number         0  stm32f1xx_hal_rcc.o(.text.HAL_RCC_GetSysClockFreq)
    HAL_RCC_GetSysClockFreq.aPredivFactorTable 0x08001d1c   Number         0  stm32f1xx_hal_rcc.o(.text.HAL_RCC_GetSysClockFreq)
    [Anonymous Symbol]                       0x08001d20   Section        0  stm32f1xx_hal_rcc.o(.text.HAL_RCC_OscConfig)
    [Anonymous Symbol]                       0x08002034   Section        0  stm32f1xx_hal_cortex.o(.text.HAL_SYSTICK_Config)
    [Anonymous Symbol]                       0x0800203c   Section        0  stm32f1xx_hal_tim_ex.o(.text.HAL_TIMEx_MasterConfigSynchronization)
    [Anonymous Symbol]                       0x080020b4   Section        0  stm32f1xx_hal_tim.o(.text.HAL_TIM_Base_Init)
    [Anonymous Symbol]                       0x08002110   Section        0  stm32f1xx_hal_msp.o(.text.HAL_TIM_Base_MspInit)
    [Anonymous Symbol]                       0x08002144   Section        0  stm32f1xx_hal_tim.o(.text.HAL_TIM_Base_Start_IT)
    [Anonymous Symbol]                       0x080021ac   Section        0  stm32f1xx_hal_tim.o(.text.HAL_TIM_Base_Stop_IT)
    [Anonymous Symbol]                       0x080021e0   Section        0  stm32f1xx_hal_tim.o(.text.HAL_TIM_ConfigClockSource)
    [Anonymous Symbol]                       0x080022c0   Section        0  stm32f1xx_hal_tim.o(.text.HAL_TIM_PWM_ConfigChannel)
    [Anonymous Symbol]                       0x08002358   Section        0  stm32f1xx_hal_tim.o(.text.HAL_TIM_PWM_Init)
    [Anonymous Symbol]                       0x080023b4   Section        0  stm32f1xx_hal_tim.o(.text.HAL_TIM_PWM_MspInit)
    [Anonymous Symbol]                       0x080023b8   Section        0  stm32f1xx_it.o(.text.HardFault_Handler)
    I2C_IsAcknowledgeFailed                  0x080023bd   Thumb Code    48  stm32f1xx_hal_i2c.o(.text.I2C_IsAcknowledgeFailed)
    [Anonymous Symbol]                       0x080023bc   Section        0  stm32f1xx_hal_i2c.o(.text.I2C_IsAcknowledgeFailed)
    I2C_MasterRequestWrite                   0x080023ed   Thumb Code   176  stm32f1xx_hal_i2c.o(.text.I2C_MasterRequestWrite)
    [Anonymous Symbol]                       0x080023ec   Section        0  stm32f1xx_hal_i2c.o(.text.I2C_MasterRequestWrite)
    I2C_WaitOnBTFFlagUntilTimeout            0x0800249d   Thumb Code   106  stm32f1xx_hal_i2c.o(.text.I2C_WaitOnBTFFlagUntilTimeout)
    [Anonymous Symbol]                       0x0800249c   Section        0  stm32f1xx_hal_i2c.o(.text.I2C_WaitOnBTFFlagUntilTimeout)
    I2C_WaitOnFlagUntilTimeout               0x08002509   Thumb Code   160  stm32f1xx_hal_i2c.o(.text.I2C_WaitOnFlagUntilTimeout)
    [Anonymous Symbol]                       0x08002508   Section        0  stm32f1xx_hal_i2c.o(.text.I2C_WaitOnFlagUntilTimeout)
    I2C_WaitOnMasterAddressFlagUntilTimeout  0x080025a9   Thumb Code   166  stm32f1xx_hal_i2c.o(.text.I2C_WaitOnMasterAddressFlagUntilTimeout)
    [Anonymous Symbol]                       0x080025a8   Section        0  stm32f1xx_hal_i2c.o(.text.I2C_WaitOnMasterAddressFlagUntilTimeout)
    I2C_WaitOnTXEFlagUntilTimeout            0x08002651   Thumb Code   106  stm32f1xx_hal_i2c.o(.text.I2C_WaitOnTXEFlagUntilTimeout)
    [Anonymous Symbol]                       0x08002650   Section        0  stm32f1xx_hal_i2c.o(.text.I2C_WaitOnTXEFlagUntilTimeout)
    MX_ADC1_Init                             0x080026bd   Thumb Code    88  main.o(.text.MX_ADC1_Init)
    [Anonymous Symbol]                       0x080026bc   Section        0  main.o(.text.MX_ADC1_Init)
    MX_ADC2_Init                             0x08002715   Thumb Code    88  main.o(.text.MX_ADC2_Init)
    [Anonymous Symbol]                       0x08002714   Section        0  main.o(.text.MX_ADC2_Init)
    MX_DMA_Init                              0x0800276d   Thumb Code    50  main.o(.text.MX_DMA_Init)
    [Anonymous Symbol]                       0x0800276c   Section        0  main.o(.text.MX_DMA_Init)
    MX_GPIO_Init                             0x080027a1   Thumb Code   142  main.o(.text.MX_GPIO_Init)
    [Anonymous Symbol]                       0x080027a0   Section        0  main.o(.text.MX_GPIO_Init)
    MX_I2C1_Init                             0x08002831   Thumb Code    62  main.o(.text.MX_I2C1_Init)
    [Anonymous Symbol]                       0x08002830   Section        0  main.o(.text.MX_I2C1_Init)
    MX_I2C2_Init                             0x08002871   Thumb Code    62  main.o(.text.MX_I2C2_Init)
    [Anonymous Symbol]                       0x08002870   Section        0  main.o(.text.MX_I2C2_Init)
    MX_TIM3_Init                             0x080028b1   Thumb Code   168  main.o(.text.MX_TIM3_Init)
    [Anonymous Symbol]                       0x080028b0   Section        0  main.o(.text.MX_TIM3_Init)
    [Anonymous Symbol]                       0x08002958   Section        0  stm32f1xx_it.o(.text.MemManage_Handler)
    [Anonymous Symbol]                       0x0800295c   Section        0  stm32f1xx_it.o(.text.NMI_Handler)
    NVIC_EncodePriority                      0x08002961   Thumb Code    44  stm32f1xx_hal_cortex.o(.text.NVIC_EncodePriority)
    [Anonymous Symbol]                       0x08002960   Section        0  stm32f1xx_hal_cortex.o(.text.NVIC_EncodePriority)
    [Anonymous Symbol]                       0x0800298c   Section        0  stm32f1xx_it.o(.text.PendSV_Handler)
    RCC_Delay                                0x08002991   Thumb Code    44  stm32f1xx_hal_rcc.o(.text.RCC_Delay)
    [Anonymous Symbol]                       0x08002990   Section        0  stm32f1xx_hal_rcc.o(.text.RCC_Delay)
    [Anonymous Symbol]                       0x080029bc   Section        0  stm32f1xx_it.o(.text.SVC_Handler)
    [Anonymous Symbol]                       0x080029c0   Section        0  main.o(.text.Select_CH1)
    [Anonymous Symbol]                       0x080029ec   Section        0  main.o(.text.Select_CH2)
    [Anonymous Symbol]                       0x08002a18   Section        0  main.o(.text.Select_CH3)
    SysTick_Config                           0x08002a45   Thumb Code    46  stm32f1xx_hal_cortex.o(.text.SysTick_Config)
    [Anonymous Symbol]                       0x08002a44   Section        0  stm32f1xx_hal_cortex.o(.text.SysTick_Config)
    [Anonymous Symbol]                       0x08002a74   Section        0  stm32f1xx_it.o(.text.SysTick_Handler)
    [Anonymous Symbol]                       0x08002a7c   Section        0  main.o(.text.SystemClock_Config)
    [Anonymous Symbol]                       0x08002af8   Section        0  system_stm32f1xx.o(.text.SystemInit)
    [Anonymous Symbol]                       0x08002afc   Section        0  stm32f1xx_hal_tim.o(.text.TIM_Base_SetConfig)
    [Anonymous Symbol]                       0x08002b98   Section        0  stm32f1xx_hal_tim.o(.text.TIM_ETR_SetConfig)
    TIM_ITRx_SetConfig                       0x08002bb1   Thumb Code    16  stm32f1xx_hal_tim.o(.text.TIM_ITRx_SetConfig)
    [Anonymous Symbol]                       0x08002bb0   Section        0  stm32f1xx_hal_tim.o(.text.TIM_ITRx_SetConfig)
    TIM_OC1_SetConfig                        0x08002bc1   Thumb Code    96  stm32f1xx_hal_tim.o(.text.TIM_OC1_SetConfig)
    [Anonymous Symbol]                       0x08002bc0   Section        0  stm32f1xx_hal_tim.o(.text.TIM_OC1_SetConfig)
    [Anonymous Symbol]                       0x08002c20   Section        0  stm32f1xx_hal_tim.o(.text.TIM_OC2_SetConfig)
    TIM_OC3_SetConfig                        0x08002c89   Thumb Code   104  stm32f1xx_hal_tim.o(.text.TIM_OC3_SetConfig)
    [Anonymous Symbol]                       0x08002c88   Section        0  stm32f1xx_hal_tim.o(.text.TIM_OC3_SetConfig)
    TIM_OC4_SetConfig                        0x08002cf1   Thumb Code    74  stm32f1xx_hal_tim.o(.text.TIM_OC4_SetConfig)
    [Anonymous Symbol]                       0x08002cf0   Section        0  stm32f1xx_hal_tim.o(.text.TIM_OC4_SetConfig)
    TIM_TI1_ConfigInputStage                 0x08002d3d   Thumb Code    34  stm32f1xx_hal_tim.o(.text.TIM_TI1_ConfigInputStage)
    [Anonymous Symbol]                       0x08002d3c   Section        0  stm32f1xx_hal_tim.o(.text.TIM_TI1_ConfigInputStage)
    TIM_TI2_ConfigInputStage                 0x08002d61   Thumb Code    36  stm32f1xx_hal_tim.o(.text.TIM_TI2_ConfigInputStage)
    [Anonymous Symbol]                       0x08002d60   Section        0  stm32f1xx_hal_tim.o(.text.TIM_TI2_ConfigInputStage)
    [Anonymous Symbol]                       0x08002d84   Section        0  stm32f1xx_it.o(.text.UsageFault_Handler)
    __NVIC_EnableIRQ                         0x08002d89   Thumb Code    32  stm32f1xx_hal_cortex.o(.text.__NVIC_EnableIRQ)
    [Anonymous Symbol]                       0x08002d88   Section        0  stm32f1xx_hal_cortex.o(.text.__NVIC_EnableIRQ)
    __NVIC_GetPriorityGrouping               0x08002da9   Thumb Code    16  stm32f1xx_hal_cortex.o(.text.__NVIC_GetPriorityGrouping)
    [Anonymous Symbol]                       0x08002da8   Section        0  stm32f1xx_hal_cortex.o(.text.__NVIC_GetPriorityGrouping)
    __NVIC_SetPriority                       0x08002db9   Thumb Code    34  stm32f1xx_hal_cortex.o(.text.__NVIC_SetPriority)
    [Anonymous Symbol]                       0x08002db8   Section        0  stm32f1xx_hal_cortex.o(.text.__NVIC_SetPriority)
    __NVIC_SetPriorityGrouping               0x08002ddd   Thumb Code    32  stm32f1xx_hal_cortex.o(.text.__NVIC_SetPriorityGrouping)
    [Anonymous Symbol]                       0x08002ddc   Section        0  stm32f1xx_hal_cortex.o(.text.__NVIC_SetPriorityGrouping)
    [Anonymous Symbol]                       0x08002dfc   Section        0  main.o(.text.apply_equalizer)
    [Anonymous Symbol]                       0x08002fa0   Section        0  arm_bitreversal2.o(.text.arm_bitreversal_32)
    [Anonymous Symbol]                       0x08002fe8   Section        0  arm_cfft_f32.o(.text.arm_cfft_f32)
    arm_cfft_radix8by2_f32                   0x080030d1   Thumb Code   756  arm_cfft_f32.o(.text.arm_cfft_radix8by2_f32)
    [Anonymous Symbol]                       0x080030d0   Section        0  arm_cfft_f32.o(.text.arm_cfft_radix8by2_f32)
    arm_cfft_radix8by4_f32                   0x080033c5   Thumb Code  1664  arm_cfft_f32.o(.text.arm_cfft_radix8by4_f32)
    [Anonymous Symbol]                       0x080033c4   Section        0  arm_cfft_f32.o(.text.arm_cfft_radix8by4_f32)
    [Anonymous Symbol]                       0x08003a44   Section        0  arm_cmplx_mult_cmplx_f32.o(.text.arm_cmplx_mult_cmplx_f32)
    [Anonymous Symbol]                       0x08003c20   Section        0  arm_cfft_radix8_f32.o(.text.arm_radix8_butterfly_f32)
    [Anonymous Symbol]                       0x080044fc   Section        0  arm_rfft_fast_f32.o(.text.arm_rfft_fast_f32)
    [Anonymous Symbol]                       0x08004544   Section        0  arm_rfft_fast_init_f32.o(.text.arm_rfft_fast_init_f32)
    [Anonymous Symbol]                       0x08004580   Section        0  main.o(.text.get_gain)
    [Anonymous Symbol]                       0x08004734   Section        0  i2c-lcd.o(.text.lcd_goto_XY)
    [Anonymous Symbol]                       0x08004750   Section        0  i2c-lcd.o(.text.lcd_init)
    [Anonymous Symbol]                       0x080047a8   Section        0  i2c-lcd.o(.text.lcd_send_cmd)
    [Anonymous Symbol]                       0x080047ec   Section        0  i2c-lcd.o(.text.lcd_send_data)
    [Anonymous Symbol]                       0x08004830   Section        0  i2c-lcd.o(.text.lcd_send_string)
    [Anonymous Symbol]                       0x0800484c   Section        0  main.o(.text.main)
    [Anonymous Symbol]                       0x0800491c   Section        0  arm_rfft_fast_f32.o(.text.merge_rfft_f32)
    [Anonymous Symbol]                       0x08004a2c   Section        0  arm_rfft_fast_f32.o(.text.stage_rfft_f32)
    x$fpl$fadd                               0x08004b44   Section      196  faddsub_clz.o(x$fpl$fadd)
    _fadd1                                   0x08004b53   Thumb Code     0  faddsub_clz.o(x$fpl$fadd)
    _fdiv1                                   0x08004c09   Thumb Code     0  fdiv.o(x$fpl$fdiv)
    x$fpl$fdiv                               0x08004c08   Section      388  fdiv.o(x$fpl$fdiv)
    x$fpl$ffix                               0x08004d8c   Section       54  ffix.o(x$fpl$ffix)
    x$fpl$ffltu                              0x08004dc4   Section       38  fflt_clz.o(x$fpl$ffltu)
    x$fpl$fmul                               0x08004dec   Section      258  fmul.o(x$fpl$fmul)
    x$fpl$fnaninf                            0x08004eee   Section      140  fnaninf.o(x$fpl$fnaninf)
    x$fpl$fretinf                            0x08004f7a   Section       10  fretinf.o(x$fpl$fretinf)
    x$fpl$fsub                               0x08004f84   Section      234  faddsub_clz.o(x$fpl$fsub)
    _fsub1                                   0x08004f93   Thumb Code     0  faddsub_clz.o(x$fpl$fsub)
    x$fpl$usenofp                            0x0800506e   Section        0  usenofp.o(x$fpl$usenofp)
    .L.str                                   0x08008964   Data           3  main.o(.rodata.str1.1)
    [Anonymous Symbol]                       0x08008964   Section        0  main.o(.rodata.str1.1)
    .bss                                     0x20000010   Section       96  libspace.o(.bss)
    Heap_Mem                                 0x20000948   Data        7936  startup_stm32f103xb.o(HEAP)
    HEAP                                     0x20000948   Section     7936  startup_stm32f103xb.o(HEAP)
    Stack_Mem                                0x20002848   Data        1024  startup_stm32f103xb.o(STACK)
    STACK                                    0x20002848   Section     1024  startup_stm32f103xb.o(STACK)
    __initial_sp                             0x20002c48   Data           0  startup_stm32f103xb.o(STACK)

    Global Symbols

    Symbol Name                              Value     Ov Type        Size  Object(Section)

    BuildAttributes$$THM_ISAv4$P$D$K$B$S$PE$A:L22UL41UL21$X:L11$S22US41US21$IEEE1$IW$~IW$USESV6$~STKCKD$USESV7$~SHL$OTIME$ROPI$EBA8$UX$STANDARDLIB$REQ8$PRES8$EABIv2 0x00000000   Number         0  anon$$obj.o ABSOLUTE
    __fp_init_empty                          0x00000000   Number         0  fpinit_empty.o ABSOLUTE
    __ARM_exceptions_init                     - Undefined Weak Reference
    __alloca_initialize                       - Undefined Weak Reference
    __arm_preinit_                            - Undefined Weak Reference
    __cpp_initialize__aeabi_                  - Undefined Weak Reference
    __cxa_finalize                            - Undefined Weak Reference
    __rt_locale                               - Undefined Weak Reference
    __sigvec_lookup                           - Undefined Weak Reference
    __user_heap_extent                        - Undefined Weak Reference
    _atexit_init                              - Undefined Weak Reference
    _call_atexit_fns                          - Undefined Weak Reference
    _clock_init                               - Undefined Weak Reference
    _fp_trap_init                             - Undefined Weak Reference
    _fp_trap_shutdown                         - Undefined Weak Reference
    _get_lc_collate                           - Undefined Weak Reference
    _get_lc_ctype                             - Undefined Weak Reference
    _get_lc_monetary                          - Undefined Weak Reference
    _get_lc_numeric                           - Undefined Weak Reference
    _get_lc_time                              - Undefined Weak Reference
    _getenv_init                              - Undefined Weak Reference
    _handle_redirection                       - Undefined Weak Reference
    _initio                                   - Undefined Weak Reference
    _mutex_acquire                            - Undefined Weak Reference
    _mutex_free                               - Undefined Weak Reference
    _mutex_release                            - Undefined Weak Reference
    _printf_post_padding                      - Undefined Weak Reference
    _printf_pre_padding                       - Undefined Weak Reference
    _printf_truncate_signed                   - Undefined Weak Reference
    _printf_truncate_unsigned                 - Undefined Weak Reference
    _rand_init                                - Undefined Weak Reference
    _signal_finish                            - Undefined Weak Reference
    _signal_init                              - Undefined Weak Reference
    _terminateio                              - Undefined Weak Reference
    __Vectors_Size                           0x000000ec   Number         0  startup_stm32f103xb.o ABSOLUTE
    __Vectors                                0x08000000   Data           4  startup_stm32f103xb.o(RESET)
    __Vectors_End                            0x080000ec   Data           0  startup_stm32f103xb.o(RESET)
    __main                                   0x080000ed   Thumb Code     8  __main.o(!!!main)
    __scatterload                            0x080000f5   Thumb Code     0  __scatter.o(!!!scatter)
    __scatterload_rt2                        0x080000f5   Thumb Code    44  __scatter.o(!!!scatter)
    __scatterload_rt2_thumb_only             0x080000f5   Thumb Code     0  __scatter.o(!!!scatter)
    __scatterload_null                       0x08000103   Thumb Code     0  __scatter.o(!!!scatter)
    __scatterload_copy                       0x08000129   Thumb Code    26  __scatter_copy.o(!!handler_copy)
    __scatterload_zeroinit                   0x08000145   Thumb Code    28  __scatter_zi.o(!!handler_zi)
    _printf_d                                0x08000161   Thumb Code     0  _printf_d.o(.ARM.Collect$$_printf_percent$$00000009)
    _printf_percent                          0x08000161   Thumb Code     0  _printf_percent.o(.ARM.Collect$$_printf_percent$$00000000)
    _printf_percent_end                      0x08000167   Thumb Code     0  _printf_percent_end.o(.ARM.Collect$$_printf_percent$$00000017)
    __rt_lib_init                            0x0800016b   Thumb Code     0  libinit.o(.ARM.Collect$$libinit$$00000000)
    __rt_lib_init_fp_1                       0x0800016d   Thumb Code     0  libinit2.o(.ARM.Collect$$libinit$$00000002)
    __rt_lib_init_heap_2                     0x0800016d   Thumb Code     0  libinit2.o(.ARM.Collect$$libinit$$00000005)
    __rt_lib_init_preinit_1                  0x0800016d   Thumb Code     0  libinit2.o(.ARM.Collect$$libinit$$00000004)
    __rt_lib_init_alloca_1                   0x08000175   Thumb Code     0  libinit2.o(.ARM.Collect$$libinit$$0000002E)
    __rt_lib_init_argv_1                     0x08000175   Thumb Code     0  libinit2.o(.ARM.Collect$$libinit$$0000002C)
    __rt_lib_init_atexit_1                   0x08000175   Thumb Code     0  libinit2.o(.ARM.Collect$$libinit$$0000001B)
    __rt_lib_init_clock_1                    0x08000175   Thumb Code     0  libinit2.o(.ARM.Collect$$libinit$$00000021)
    __rt_lib_init_cpp_1                      0x08000175   Thumb Code     0  libinit2.o(.ARM.Collect$$libinit$$00000032)
    __rt_lib_init_exceptions_1               0x08000175   Thumb Code     0  libinit2.o(.ARM.Collect$$libinit$$00000030)
    __rt_lib_init_fp_trap_1                  0x08000175   Thumb Code     0  libinit2.o(.ARM.Collect$$libinit$$0000001F)
    __rt_lib_init_getenv_1                   0x08000175   Thumb Code     0  libinit2.o(.ARM.Collect$$libinit$$00000023)
    __rt_lib_init_heap_1                     0x08000175   Thumb Code     0  libinit2.o(.ARM.Collect$$libinit$$0000000A)
    __rt_lib_init_lc_collate_1               0x08000175   Thumb Code     0  libinit2.o(.ARM.Collect$$libinit$$00000011)
    __rt_lib_init_lc_ctype_1                 0x08000175   Thumb Code     0  libinit2.o(.ARM.Collect$$libinit$$00000013)
    __rt_lib_init_lc_monetary_1              0x08000175   Thumb Code     0  libinit2.o(.ARM.Collect$$libinit$$00000015)
    __rt_lib_init_lc_numeric_1               0x08000175   Thumb Code     0  libinit2.o(.ARM.Collect$$libinit$$00000017)
    __rt_lib_init_lc_time_1                  0x08000175   Thumb Code     0  libinit2.o(.ARM.Collect$$libinit$$00000019)
    __rt_lib_init_rand_1                     0x08000175   Thumb Code     0  libinit2.o(.ARM.Collect$$libinit$$0000000E)
    __rt_lib_init_return                     0x08000175   Thumb Code     0  libinit2.o(.ARM.Collect$$libinit$$00000033)
    __rt_lib_init_signal_1                   0x08000175   Thumb Code     0  libinit2.o(.ARM.Collect$$libinit$$0000001D)
    __rt_lib_init_stdio_1                    0x08000175   Thumb Code     0  libinit2.o(.ARM.Collect$$libinit$$00000025)
    __rt_lib_init_user_alloc_1               0x08000175   Thumb Code     0  libinit2.o(.ARM.Collect$$libinit$$0000000C)
    __rt_lib_shutdown                        0x08000177   Thumb Code     0  libshutdown.o(.ARM.Collect$$libshutdown$$00000000)
    __rt_lib_shutdown_cpp_1                  0x08000179   Thumb Code     0  libshutdown2.o(.ARM.Collect$$libshutdown$$00000002)
    __rt_lib_shutdown_fp_trap_1              0x08000179   Thumb Code     0  libshutdown2.o(.ARM.Collect$$libshutdown$$00000007)
    __rt_lib_shutdown_heap_1                 0x08000179   Thumb Code     0  libshutdown2.o(.ARM.Collect$$libshutdown$$0000000F)
    __rt_lib_shutdown_return                 0x08000179   Thumb Code     0  libshutdown2.o(.ARM.Collect$$libshutdown$$00000010)
    __rt_lib_shutdown_signal_1               0x08000179   Thumb Code     0  libshutdown2.o(.ARM.Collect$$libshutdown$$0000000A)
    __rt_lib_shutdown_stdio_1                0x08000179   Thumb Code     0  libshutdown2.o(.ARM.Collect$$libshutdown$$00000004)
    __rt_lib_shutdown_user_alloc_1           0x08000179   Thumb Code     0  libshutdown2.o(.ARM.Collect$$libshutdown$$0000000C)
    __rt_entry                               0x0800017b   Thumb Code     0  __rtentry.o(.ARM.Collect$$rtentry$$00000000)
    __rt_entry_presh_1                       0x0800017b   Thumb Code     0  __rtentry2.o(.ARM.Collect$$rtentry$$00000002)
    __rt_entry_sh                            0x0800017b   Thumb Code     0  __rtentry4.o(.ARM.Collect$$rtentry$$00000004)
    __rt_entry_li                            0x08000181   Thumb Code     0  __rtentry2.o(.ARM.Collect$$rtentry$$0000000A)
    __rt_entry_postsh_1                      0x08000181   Thumb Code     0  __rtentry2.o(.ARM.Collect$$rtentry$$00000009)
    __rt_entry_main                          0x08000185   Thumb Code     0  __rtentry2.o(.ARM.Collect$$rtentry$$0000000D)
    __rt_entry_postli_1                      0x08000185   Thumb Code     0  __rtentry2.o(.ARM.Collect$$rtentry$$0000000C)
    __rt_exit                                0x0800018d   Thumb Code     0  rtexit.o(.ARM.Collect$$rtexit$$00000000)
    __rt_exit_ls                             0x0800018f   Thumb Code     0  rtexit2.o(.ARM.Collect$$rtexit$$00000003)
    __rt_exit_prels_1                        0x0800018f   Thumb Code     0  rtexit2.o(.ARM.Collect$$rtexit$$00000002)
    __rt_exit_exit                           0x08000193   Thumb Code     0  rtexit2.o(.ARM.Collect$$rtexit$$00000004)
    Reset_Handler                            0x08000199   Thumb Code     8  startup_stm32f103xb.o(.text)
    ADC1_2_IRQHandler                        0x080001b3   Thumb Code     0  startup_stm32f103xb.o(.text)
    CAN1_RX1_IRQHandler                      0x080001b3   Thumb Code     0  startup_stm32f103xb.o(.text)
    CAN1_SCE_IRQHandler                      0x080001b3   Thumb Code     0  startup_stm32f103xb.o(.text)
    DMA1_Channel2_IRQHandler                 0x080001b3   Thumb Code     0  startup_stm32f103xb.o(.text)
    DMA1_Channel3_IRQHandler                 0x080001b3   Thumb Code     0  startup_stm32f103xb.o(.text)
    DMA1_Channel4_IRQHandler                 0x080001b3   Thumb Code     0  startup_stm32f103xb.o(.text)
    DMA1_Channel5_IRQHandler                 0x080001b3   Thumb Code     0  startup_stm32f103xb.o(.text)
    DMA1_Channel6_IRQHandler                 0x080001b3   Thumb Code     0  startup_stm32f103xb.o(.text)
    DMA1_Channel7_IRQHandler                 0x080001b3   Thumb Code     0  startup_stm32f103xb.o(.text)
    EXTI0_IRQHandler                         0x080001b3   Thumb Code     0  startup_stm32f103xb.o(.text)
    EXTI15_10_IRQHandler                     0x080001b3   Thumb Code     0  startup_stm32f103xb.o(.text)
    EXTI1_IRQHandler                         0x080001b3   Thumb Code     0  startup_stm32f103xb.o(.text)
    EXTI2_IRQHandler                         0x080001b3   Thumb Code     0  startup_stm32f103xb.o(.text)
    EXTI3_IRQHandler                         0x080001b3   Thumb Code     0  startup_stm32f103xb.o(.text)
    EXTI4_IRQHandler                         0x080001b3   Thumb Code     0  startup_stm32f103xb.o(.text)
    EXTI9_5_IRQHandler                       0x080001b3   Thumb Code     0  startup_stm32f103xb.o(.text)
    FLASH_IRQHandler                         0x080001b3   Thumb Code     0  startup_stm32f103xb.o(.text)
    I2C1_ER_IRQHandler                       0x080001b3   Thumb Code     0  startup_stm32f103xb.o(.text)
    I2C1_EV_IRQHandler                       0x080001b3   Thumb Code     0  startup_stm32f103xb.o(.text)
    I2C2_ER_IRQHandler                       0x080001b3   Thumb Code     0  startup_stm32f103xb.o(.text)
    I2C2_EV_IRQHandler                       0x080001b3   Thumb Code     0  startup_stm32f103xb.o(.text)
    PVD_IRQHandler                           0x080001b3   Thumb Code     0  startup_stm32f103xb.o(.text)
    RCC_IRQHandler                           0x080001b3   Thumb Code     0  startup_stm32f103xb.o(.text)
    RTC_Alarm_IRQHandler                     0x080001b3   Thumb Code     0  startup_stm32f103xb.o(.text)
    RTC_IRQHandler                           0x080001b3   Thumb Code     0  startup_stm32f103xb.o(.text)
    SPI1_IRQHandler                          0x080001b3   Thumb Code     0  startup_stm32f103xb.o(.text)
    SPI2_IRQHandler                          0x080001b3   Thumb Code     0  startup_stm32f103xb.o(.text)
    TAMPER_IRQHandler                        0x080001b3   Thumb Code     0  startup_stm32f103xb.o(.text)
    TIM1_BRK_IRQHandler                      0x080001b3   Thumb Code     0  startup_stm32f103xb.o(.text)
    TIM1_CC_IRQHandler                       0x080001b3   Thumb Code     0  startup_stm32f103xb.o(.text)
    TIM1_TRG_COM_IRQHandler                  0x080001b3   Thumb Code     0  startup_stm32f103xb.o(.text)
    TIM1_UP_IRQHandler                       0x080001b3   Thumb Code     0  startup_stm32f103xb.o(.text)
    TIM2_IRQHandler                          0x080001b3   Thumb Code     0  startup_stm32f103xb.o(.text)
    TIM3_IRQHandler                          0x080001b3   Thumb Code     0  startup_stm32f103xb.o(.text)
    TIM4_IRQHandler                          0x080001b3   Thumb Code     0  startup_stm32f103xb.o(.text)
    USART1_IRQHandler                        0x080001b3   Thumb Code     0  startup_stm32f103xb.o(.text)
    USART2_IRQHandler                        0x080001b3   Thumb Code     0  startup_stm32f103xb.o(.text)
    USART3_IRQHandler                        0x080001b3   Thumb Code     0  startup_stm32f103xb.o(.text)
    USBWakeUp_IRQHandler                     0x080001b3   Thumb Code     0  startup_stm32f103xb.o(.text)
    USB_HP_CAN1_TX_IRQHandler                0x080001b3   Thumb Code     0  startup_stm32f103xb.o(.text)
    USB_LP_CAN1_RX0_IRQHandler               0x080001b3   Thumb Code     0  startup_stm32f103xb.o(.text)
    WWDG_IRQHandler                          0x080001b3   Thumb Code     0  startup_stm32f103xb.o(.text)
    __user_initial_stackheap                 0x080001b5   Thumb Code     0  startup_stm32f103xb.o(.text)
    malloc                                   0x080001d9   Thumb Code    94  h1_alloc.o(.text)
    free                                     0x08000237   Thumb Code    78  h1_free.o(.text)
    __2sprintf                               0x08000285   Thumb Code    34  noretval__2sprintf.o(.text)
    __printf                                 0x080002ad   Thumb Code   104  __printf.o(.text)
    _printf_int_dec                          0x08000315   Thumb Code   104  _printf_dec.o(.text)
    __aeabi_memclr4                          0x0800038d   Thumb Code     0  rt_memclr_w.o(.text)
    __aeabi_memclr8                          0x0800038d   Thumb Code     0  rt_memclr_w.o(.text)
    __rt_memclr_w                            0x0800038d   Thumb Code    78  rt_memclr_w.o(.text)
    _memset_w                                0x08000391   Thumb Code     0  rt_memclr_w.o(.text)
    __use_two_region_memory                  0x080003db   Thumb Code     2  heapauxi.o(.text)
    __rt_heap_escrow                         0x080003dd   Thumb Code     2  heapauxi.o(.text)
    __rt_heap_expand                         0x080003df   Thumb Code     2  heapauxi.o(.text)
    __rt_heap_descriptor                     0x080003e1   Thumb Code     8  rt_heap_descriptor_intlibspace.o(.text)
    __use_no_heap                            0x080003e9   Thumb Code     2  hguard.o(.text)
    __heap$guard                             0x080003eb   Thumb Code     2  hguard.o(.text)
    _terminate_user_alloc                    0x080003ed   Thumb Code     2  init_alloc.o(.text)
    _init_user_alloc                         0x080003ef   Thumb Code     2  init_alloc.o(.text)
    __Heap_Full                              0x080003f1   Thumb Code    34  init_alloc.o(.text)
    __Heap_Broken                            0x08000413   Thumb Code     6  init_alloc.o(.text)
    _init_alloc                              0x08000419   Thumb Code    94  init_alloc.o(.text)
    __Heap_Initialize                        0x08000477   Thumb Code    10  h1_init.o(.text)
    __Heap_DescSize                          0x08000481   Thumb Code     4  h1_init.o(.text)
    _printf_int_common                       0x08000485   Thumb Code   178  _printf_intcommon.o(.text)
    _printf_char_common                      0x08000543   Thumb Code    32  _printf_char_common.o(.text)
    _sputc                                   0x08000569   Thumb Code    10  _sputc.o(.text)
    __user_libspace                          0x08000575   Thumb Code     8  libspace.o(.text)
    __user_perproc_libspace                  0x08000575   Thumb Code     0  libspace.o(.text)
    __user_perthread_libspace                0x08000575   Thumb Code     0  libspace.o(.text)
    __Heap_ProvideMemory                     0x0800057d   Thumb Code    52  h1_extend.o(.text)
    _maybe_terminate_alloc                   0x0800057d   Thumb Code     0  maybetermalloc1.o(.text)
    __rt_SIGRTMEM                            0x080005b1   Thumb Code    14  defsig_rtmem_outer.o(.text)
    __I$use$semihosting                      0x080005bf   Thumb Code     0  use_no_semi.o(.text)
    __use_no_semihosting_swi                 0x080005bf   Thumb Code     2  use_no_semi.o(.text)
    __semihosting_library_function           0x080005c1   Thumb Code     0  indicate_semi.o(.text)
    __user_setup_stackheap                   0x080005c1   Thumb Code    74  sys_stackheap_outer.o(.text)
    exit                                     0x0800060b   Thumb Code    18  exit.o(.text)
    __sig_exit                               0x0800061d   Thumb Code    10  defsig_exit.o(.text)
    __rt_SIGRTMEM_inner                      0x08000629   Thumb Code    22  defsig_rtmem_inner.o(.text)
    _sys_exit                                0x08000679   Thumb Code     8  sys_exit.o(.text)
    __default_signal_display                 0x08000685   Thumb Code    50  defsig_general.o(.text)
    _ttywrch                                 0x080006b7   Thumb Code    14  sys_wrch.o(.text)
    ADC_ConversionStop_Disable               0x080006c5   Thumb Code    86  stm32f1xx_hal_adc.o(.text.ADC_ConversionStop_Disable)
    ADC_DMAConvCplt                          0x0800071d   Thumb Code    84  stm32f1xx_hal_adc.o(.text.ADC_DMAConvCplt)
    ADC_DMAError                             0x08000771   Thumb Code    26  stm32f1xx_hal_adc.o(.text.ADC_DMAError)
    ADC_DMAHalfConvCplt                      0x0800078d   Thumb Code    10  stm32f1xx_hal_adc.o(.text.ADC_DMAHalfConvCplt)
    ADC_Enable                               0x08000799   Thumb Code   146  stm32f1xx_hal_adc.o(.text.ADC_Enable)
    BusFault_Handler                         0x0800082d   Thumb Code     2  stm32f1xx_it.o(.text.BusFault_Handler)
    DMA1_Channel1_IRQHandler                 0x08000831   Thumb Code    16  stm32f1xx_it.o(.text.DMA1_Channel1_IRQHandler)
    DebugMon_Handler                         0x0800086d   Thumb Code     2  stm32f1xx_it.o(.text.DebugMon_Handler)
    Error_Handler                            0x08000871   Thumb Code    10  main.o(.text.Error_Handler)
    HAL_ADC_ConfigChannel                    0x0800087d   Thumb Code   266  stm32f1xx_hal_adc.o(.text.HAL_ADC_ConfigChannel)
    HAL_ADC_ConvCpltCallback                 0x08000989   Thumb Code    14  main.o(.text.HAL_ADC_ConvCpltCallback)
    HAL_ADC_ConvHalfCpltCallback             0x08000999   Thumb Code     2  stm32f1xx_hal_adc.o(.text.HAL_ADC_ConvHalfCpltCallback)
    HAL_ADC_ErrorCallback                    0x0800099d   Thumb Code     2  stm32f1xx_hal_adc.o(.text.HAL_ADC_ErrorCallback)
    HAL_ADC_GetValue                         0x080009a1   Thumb Code     6  stm32f1xx_hal_adc.o(.text.HAL_ADC_GetValue)
    HAL_ADC_Init                             0x080009a9   Thumb Code   284  stm32f1xx_hal_adc.o(.text.HAL_ADC_Init)
    HAL_ADC_MspInit                          0x08000ac5   Thumb Code   248  stm32f1xx_hal_msp.o(.text.HAL_ADC_MspInit)
    HAL_ADC_PollForConversion                0x08000bbd   Thumb Code   396  stm32f1xx_hal_adc.o(.text.HAL_ADC_PollForConversion)
    HAL_ADC_Start                            0x08000d49   Thumb Code   222  stm32f1xx_hal_adc.o(.text.HAL_ADC_Start)
    HAL_ADC_Start_DMA                        0x08000e29   Thumb Code   310  stm32f1xx_hal_adc.o(.text.HAL_ADC_Start_DMA)
    HAL_ADC_Stop                             0x08000f61   Thumb Code    50  stm32f1xx_hal_adc.o(.text.HAL_ADC_Stop)
    HAL_DMA_IRQHandler                       0x08000f95   Thumb Code   386  stm32f1xx_hal_dma.o(.text.HAL_DMA_IRQHandler)
    HAL_DMA_Init                             0x08001119   Thumb Code   136  stm32f1xx_hal_dma.o(.text.HAL_DMA_Init)
    HAL_DMA_Start_IT                         0x080011a1   Thumb Code   108  stm32f1xx_hal_dma.o(.text.HAL_DMA_Start_IT)
    HAL_Delay                                0x0800120d   Thumb Code    40  stm32f1xx_hal.o(.text.HAL_Delay)
    HAL_GPIO_Init                            0x08001235   Thumb Code   540  stm32f1xx_hal_gpio.o(.text.HAL_GPIO_Init)
    HAL_GPIO_WritePin                        0x08001451   Thumb Code    10  stm32f1xx_hal_gpio.o(.text.HAL_GPIO_WritePin)
    HAL_GetTick                              0x0800145d   Thumb Code    12  stm32f1xx_hal.o(.text.HAL_GetTick)
    HAL_I2C_Init                             0x08001469   Thumb Code   398  stm32f1xx_hal_i2c.o(.text.HAL_I2C_Init)
    HAL_I2C_Master_Transmit                  0x080015f9   Thumb Code   312  stm32f1xx_hal_i2c.o(.text.HAL_I2C_Master_Transmit)
    HAL_I2C_MspInit                          0x08001731   Thumb Code   192  stm32f1xx_hal_msp.o(.text.HAL_I2C_MspInit)
    HAL_IncTick                              0x080017f1   Thumb Code    26  stm32f1xx_hal.o(.text.HAL_IncTick)
    HAL_Init                                 0x0800180d   Thumb Code    38  stm32f1xx_hal.o(.text.HAL_Init)
    HAL_InitTick                             0x08001835   Thumb Code    80  stm32f1xx_hal.o(.text.HAL_InitTick)
    HAL_MspInit                              0x08001885   Thumb Code    66  stm32f1xx_hal_msp.o(.text.HAL_MspInit)
    HAL_NVIC_EnableIRQ                       0x080018c9   Thumb Code     8  stm32f1xx_hal_cortex.o(.text.HAL_NVIC_EnableIRQ)
    HAL_NVIC_SetPriority                     0x080018d1   Thumb Code    30  stm32f1xx_hal_cortex.o(.text.HAL_NVIC_SetPriority)
    HAL_NVIC_SetPriorityGrouping             0x080018f1   Thumb Code     8  stm32f1xx_hal_cortex.o(.text.HAL_NVIC_SetPriorityGrouping)
    HAL_RCCEx_GetPeriphCLKFreq               0x080018f9   Thumb Code   244  stm32f1xx_hal_rcc_ex.o(.text.HAL_RCCEx_GetPeriphCLKFreq)
    HAL_RCCEx_PeriphCLKConfig                0x080019ed   Thumb Code   270  stm32f1xx_hal_rcc_ex.o(.text.HAL_RCCEx_PeriphCLKConfig)
    HAL_RCC_ClockConfig                      0x08001afd   Thumb Code   366  stm32f1xx_hal_rcc.o(.text.HAL_RCC_ClockConfig)
    HAL_RCC_GetHCLKFreq                      0x08001c6d   Thumb Code    12  stm32f1xx_hal_rcc.o(.text.HAL_RCC_GetHCLKFreq)
    HAL_RCC_GetPCLK1Freq                     0x08001c79   Thumb Code    34  stm32f1xx_hal_rcc.o(.text.HAL_RCC_GetPCLK1Freq)
    HAL_RCC_GetPCLK2Freq                     0x08001c9d   Thumb Code    34  stm32f1xx_hal_rcc.o(.text.HAL_RCC_GetPCLK2Freq)
    HAL_RCC_GetSysClockFreq                  0x08001cc1   Thumb Code    96  stm32f1xx_hal_rcc.o(.text.HAL_RCC_GetSysClockFreq)
    HAL_RCC_OscConfig                        0x08001d21   Thumb Code   788  stm32f1xx_hal_rcc.o(.text.HAL_RCC_OscConfig)
    HAL_SYSTICK_Config                       0x08002035   Thumb Code     8  stm32f1xx_hal_cortex.o(.text.HAL_SYSTICK_Config)
    HAL_TIMEx_MasterConfigSynchronization    0x0800203d   Thumb Code   118  stm32f1xx_hal_tim_ex.o(.text.HAL_TIMEx_MasterConfigSynchronization)
    HAL_TIM_Base_Init                        0x080020b5   Thumb Code    90  stm32f1xx_hal_tim.o(.text.HAL_TIM_Base_Init)
    HAL_TIM_Base_MspInit                     0x08002111   Thumb Code    50  stm32f1xx_hal_msp.o(.text.HAL_TIM_Base_MspInit)
    HAL_TIM_Base_Start_IT                    0x08002145   Thumb Code   102  stm32f1xx_hal_tim.o(.text.HAL_TIM_Base_Start_IT)
    HAL_TIM_Base_Stop_IT                     0x080021ad   Thumb Code    50  stm32f1xx_hal_tim.o(.text.HAL_TIM_Base_Stop_IT)
    HAL_TIM_ConfigClockSource                0x080021e1   Thumb Code   222  stm32f1xx_hal_tim.o(.text.HAL_TIM_ConfigClockSource)
    HAL_TIM_PWM_ConfigChannel                0x080022c1   Thumb Code   152  stm32f1xx_hal_tim.o(.text.HAL_TIM_PWM_ConfigChannel)
    HAL_TIM_PWM_Init                         0x08002359   Thumb Code    90  stm32f1xx_hal_tim.o(.text.HAL_TIM_PWM_Init)
    HAL_TIM_PWM_MspInit                      0x080023b5   Thumb Code     2  stm32f1xx_hal_tim.o(.text.HAL_TIM_PWM_MspInit)
    HardFault_Handler                        0x080023b9   Thumb Code     2  stm32f1xx_it.o(.text.HardFault_Handler)
    MemManage_Handler                        0x08002959   Thumb Code     2  stm32f1xx_it.o(.text.MemManage_Handler)
    NMI_Handler                              0x0800295d   Thumb Code     2  stm32f1xx_it.o(.text.NMI_Handler)
    PendSV_Handler                           0x0800298d   Thumb Code     2  stm32f1xx_it.o(.text.PendSV_Handler)
    SVC_Handler                              0x080029bd   Thumb Code     2  stm32f1xx_it.o(.text.SVC_Handler)
    Select_CH1                               0x080029c1   Thumb Code    42  main.o(.text.Select_CH1)
    Select_CH2                               0x080029ed   Thumb Code    42  main.o(.text.Select_CH2)
    Select_CH3                               0x08002a19   Thumb Code    42  main.o(.text.Select_CH3)
    SysTick_Handler                          0x08002a75   Thumb Code     8  stm32f1xx_it.o(.text.SysTick_Handler)
    SystemClock_Config                       0x08002a7d   Thumb Code   122  main.o(.text.SystemClock_Config)
    SystemInit                               0x08002af9   Thumb Code     2  system_stm32f1xx.o(.text.SystemInit)
    TIM_Base_SetConfig                       0x08002afd   Thumb Code   154  stm32f1xx_hal_tim.o(.text.TIM_Base_SetConfig)
    TIM_ETR_SetConfig                        0x08002b99   Thumb Code    22  stm32f1xx_hal_tim.o(.text.TIM_ETR_SetConfig)
    TIM_OC2_SetConfig                        0x08002c21   Thumb Code   104  stm32f1xx_hal_tim.o(.text.TIM_OC2_SetConfig)
    UsageFault_Handler                       0x08002d85   Thumb Code     2  stm32f1xx_it.o(.text.UsageFault_Handler)
    apply_equalizer                          0x08002dfd   Thumb Code   418  main.o(.text.apply_equalizer)
    arm_bitreversal_32                       0x08002fa1   Thumb Code    72  arm_bitreversal2.o(.text.arm_bitreversal_32)
    arm_cfft_f32                             0x08002fe9   Thumb Code   230  arm_cfft_f32.o(.text.arm_cfft_f32)
    arm_cmplx_mult_cmplx_f32                 0x08003a45   Thumb Code   476  arm_cmplx_mult_cmplx_f32.o(.text.arm_cmplx_mult_cmplx_f32)
    arm_radix8_butterfly_f32                 0x08003c21   Thumb Code  2268  arm_cfft_radix8_f32.o(.text.arm_radix8_butterfly_f32)
    arm_rfft_fast_f32                        0x080044fd   Thumb Code    72  arm_rfft_fast_f32.o(.text.arm_rfft_fast_f32)
    arm_rfft_fast_init_f32                   0x08004545   Thumb Code    60  arm_rfft_fast_init_f32.o(.text.arm_rfft_fast_init_f32)
    get_gain                                 0x08004581   Thumb Code   434  main.o(.text.get_gain)
    lcd_goto_XY                              0x08004735   Thumb Code    26  i2c-lcd.o(.text.lcd_goto_XY)
    lcd_init                                 0x08004751   Thumb Code    88  i2c-lcd.o(.text.lcd_init)
    lcd_send_cmd                             0x080047a9   Thumb Code    68  i2c-lcd.o(.text.lcd_send_cmd)
    lcd_send_data                            0x080047ed   Thumb Code    68  i2c-lcd.o(.text.lcd_send_data)
    lcd_send_string                          0x08004831   Thumb Code    28  i2c-lcd.o(.text.lcd_send_string)
    main                                     0x0800484d   Thumb Code   208  main.o(.text.main)
    merge_rfft_f32                           0x0800491d   Thumb Code   270  arm_rfft_fast_f32.o(.text.merge_rfft_f32)
    stage_rfft_f32                           0x08004a2d   Thumb Code   278  arm_rfft_fast_f32.o(.text.stage_rfft_f32)
    __aeabi_fadd                             0x08004b45   Thumb Code     0  faddsub_clz.o(x$fpl$fadd)
    _fadd                                    0x08004b45   Thumb Code   196  faddsub_clz.o(x$fpl$fadd)
    __aeabi_fdiv                             0x08004c09   Thumb Code     0  fdiv.o(x$fpl$fdiv)
    _fdiv                                    0x08004c09   Thumb Code   384  fdiv.o(x$fpl$fdiv)
    __aeabi_f2iz                             0x08004d8d   Thumb Code     0  ffix.o(x$fpl$ffix)
    _ffix                                    0x08004d8d   Thumb Code    54  ffix.o(x$fpl$ffix)
    __aeabi_ui2f                             0x08004dc5   Thumb Code     0  fflt_clz.o(x$fpl$ffltu)
    _ffltu                                   0x08004dc5   Thumb Code    38  fflt_clz.o(x$fpl$ffltu)
    __aeabi_fmul                             0x08004ded   Thumb Code     0  fmul.o(x$fpl$fmul)
    _fmul                                    0x08004ded   Thumb Code   258  fmul.o(x$fpl$fmul)
    __fpl_fnaninf                            0x08004eef   Thumb Code   140  fnaninf.o(x$fpl$fnaninf)
    __fpl_fretinf                            0x08004f7b   Thumb Code    10  fretinf.o(x$fpl$fretinf)
    __aeabi_fsub                             0x08004f85   Thumb Code     0  faddsub_clz.o(x$fpl$fsub)
    _fsub                                    0x08004f85   Thumb Code   234  faddsub_clz.o(x$fpl$fsub)
    AHBPrescTable                            0x0800506e   Data          16  system_stm32f1xx.o(.rodata.AHBPrescTable)
    __I$use$fp                               0x0800506e   Number         0  usenofp.o(x$fpl$usenofp)
    APBPrescTable                            0x0800507e   Data           8  system_stm32f1xx.o(.rodata.APBPrescTable)
    armBitRevIndexTable64                    0x08005086   Data         112  arm_common_tables.o(.rodata.armBitRevIndexTable64)
    coeff                                    0x080050f8   Data       13932  filter_coeff.o(.rodata.coeff)
    hamming                                  0x08008764   Data         512  main.o(.rodata.hamming)
    twiddleCoef_64                           0x08008968   Data         512  arm_common_tables.o(.rodata.twiddleCoef_64)
    twiddleCoef_rfft_128                     0x08008b68   Data         512  arm_common_tables.o(.rodata.twiddleCoef_rfft_128)
    Region$$Table$$Base                      0x08008d68   Number         0  anon$$obj.o(Region$$Table)
    Region$$Table$$Limit                     0x08008d88   Number         0  anon$$obj.o(Region$$Table)
    SystemCoreClock                          0x20000000   Data           4  system_stm32f1xx.o(.data.SystemCoreClock)
    bass                                     0x20000004   Data           2  main.o(.data.bass)
    mid                                      0x20000006   Data           2  main.o(.data.mid)
    tremble                                  0x20000008   Data           2  main.o(.data.tremble)
    uwTickFreq                               0x2000000a   Data           1  stm32f1xx_hal.o(.data.uwTickFreq)
    uwTickPrio                               0x2000000c   Data           4  stm32f1xx_hal.o(.data.uwTickPrio)
    __libspace_start                         0x20000010   Data          96  libspace.o(.bss)
    __temporary_stack_top$libspace           0x20000070   Data           0  libspace.o(.bss)
    adcBuf                                   0x20000070   Data         256  main.o(.bss.adcBuf)
    bassgain                                 0x20000170   Data           2  main.o(.bss.bassgain)
    dac_dma_buff                             0x20000174   Data           4  main.o(.bss.dac_dma_buff)
    dac_out                                  0x20000178   Data         512  main.o(.bss.dac_out)
    fft_instance                             0x20000378   Data          24  main.o(.bss.fft_instance)
    fft_output                               0x20000390   Data         512  main.o(.bss.fft_output)
    hadc1                                    0x20000590   Data          48  main.o(.bss.hadc1)
    hadc2                                    0x200005c0   Data          48  main.o(.bss.hadc2)
    hdma_adc1                                0x200005f0   Data          68  main.o(.bss.hdma_adc1)
    hi2c1                                    0x20000634   Data          84  main.o(.bss.hi2c1)
    hi2c2                                    0x20000688   Data          84  main.o(.bss.hi2c2)
    htim3                                    0x200006dc   Data          72  main.o(.bss.htim3)
    input_fft                                0x20000724   Data           4  main.o(.bss.input_fft)
    input_ifft                               0x20000728   Data         512  main.o(.bss.input_ifft)
    midgain                                  0x20000928   Data           2  main.o(.bss.midgain)
    process_ready                            0x2000092c   Data           4  main.o(.bss.process_ready)
    sConfig1                                 0x20000930   Data          12  main.o(.bss.sConfig1)
    taps                                     0x2000093c   Data           4  main.o(.bss.taps)
    tremgain                                 0x20000940   Data           2  main.o(.bss.tremgain)
    uwTick                                   0x20000944   Data           4  stm32f1xx_hal.o(.bss.uwTick)



==============================================================================

Memory Map of the image

  Image Entry point : 0x080000ed

  Load Region LR_IROM1 (Base: 0x08000000, Size: 0x00008d98, Max: 0x00010000, ABSOLUTE)

    Execution Region ER_IROM1 (Exec base: 0x08000000, Load base: 0x08000000, Size: 0x00008d88, Max: 0x00010000, ABSOLUTE)

    Exec Addr    Load Addr    Size         Type   Attr      Idx    E Section Name        Object

    0x08000000   0x08000000   0x000000ec   Data   RO            3    RESET               startup_stm32f103xb.o
    0x080000ec   0x080000ec   0x00000008   Code   RO         1349  * !!!main             c_w.l(__main.o)
    0x080000f4   0x080000f4   0x00000034   Code   RO         1592    !!!scatter          c_w.l(__scatter.o)
    0x08000128   0x08000128   0x0000001a   Code   RO         1594    !!handler_copy      c_w.l(__scatter_copy.o)
    0x08000142   0x08000142   0x00000002   PAD
    0x08000144   0x08000144   0x0000001c   Code   RO         1596    !!handler_zi        c_w.l(__scatter_zi.o)
    0x08000160   0x08000160   0x00000000   Code   RO         1344    .ARM.Collect$$_printf_percent$$00000000  c_w.l(_printf_percent.o)
    0x08000160   0x08000160   0x00000006   Code   RO         1343    .ARM.Collect$$_printf_percent$$00000009  c_w.l(_printf_d.o)
    0x08000166   0x08000166   0x00000004   Code   RO         1405    .ARM.Collect$$_printf_percent$$00000017  c_w.l(_printf_percent_end.o)
    0x0800016a   0x0800016a   0x00000002   Code   RO         1527    .ARM.Collect$$libinit$$00000000  c_w.l(libinit.o)
    0x0800016c   0x0800016c   0x00000000   Code   RO         1411    .ARM.Collect$$libinit$$00000002  c_w.l(libinit2.o)
    0x0800016c   0x0800016c   0x00000000   Code   RO         1413    .ARM.Collect$$libinit$$00000004  c_w.l(libinit2.o)
    0x0800016c   0x0800016c   0x00000008   Code   RO         1414    .ARM.Collect$$libinit$$00000005  c_w.l(libinit2.o)
    0x08000174   0x08000174   0x00000000   Code   RO         1416    .ARM.Collect$$libinit$$0000000A  c_w.l(libinit2.o)
    0x08000174   0x08000174   0x00000000   Code   RO         1418    .ARM.Collect$$libinit$$0000000C  c_w.l(libinit2.o)
    0x08000174   0x08000174   0x00000000   Code   RO         1420    .ARM.Collect$$libinit$$0000000E  c_w.l(libinit2.o)
    0x08000174   0x08000174   0x00000000   Code   RO         1423    .ARM.Collect$$libinit$$00000011  c_w.l(libinit2.o)
    0x08000174   0x08000174   0x00000000   Code   RO         1425    .ARM.Collect$$libinit$$00000013  c_w.l(libinit2.o)
    0x08000174   0x08000174   0x00000000   Code   RO         1427    .ARM.Collect$$libinit$$00000015  c_w.l(libinit2.o)
    0x08000174   0x08000174   0x00000000   Code   RO         1429    .ARM.Collect$$libinit$$00000017  c_w.l(libinit2.o)
    0x08000174   0x08000174   0x00000000   Code   RO         1431    .ARM.Collect$$libinit$$00000019  c_w.l(libinit2.o)
    0x08000174   0x08000174   0x00000000   Code   RO         1433    .ARM.Collect$$libinit$$0000001B  c_w.l(libinit2.o)
    0x08000174   0x08000174   0x00000000   Code   RO         1435    .ARM.Collect$$libinit$$0000001D  c_w.l(libinit2.o)
    0x08000174   0x08000174   0x00000000   Code   RO         1437    .ARM.Collect$$libinit$$0000001F  c_w.l(libinit2.o)
    0x08000174   0x08000174   0x00000000   Code   RO         1439    .ARM.Collect$$libinit$$00000021  c_w.l(libinit2.o)
    0x08000174   0x08000174   0x00000000   Code   RO         1441    .ARM.Collect$$libinit$$00000023  c_w.l(libinit2.o)
    0x08000174   0x08000174   0x00000000   Code   RO         1443    .ARM.Collect$$libinit$$00000025  c_w.l(libinit2.o)
    0x08000174   0x08000174   0x00000000   Code   RO         1447    .ARM.Collect$$libinit$$0000002C  c_w.l(libinit2.o)
    0x08000174   0x08000174   0x00000000   Code   RO         1449    .ARM.Collect$$libinit$$0000002E  c_w.l(libinit2.o)
    0x08000174   0x08000174   0x00000000   Code   RO         1451    .ARM.Collect$$libinit$$00000030  c_w.l(libinit2.o)
    0x08000174   0x08000174   0x00000000   Code   RO         1453    .ARM.Collect$$libinit$$00000032  c_w.l(libinit2.o)
    0x08000174   0x08000174   0x00000002   Code   RO         1454    .ARM.Collect$$libinit$$00000033  c_w.l(libinit2.o)
    0x08000176   0x08000176   0x00000002   Code   RO         1589    .ARM.Collect$$libshutdown$$00000000  c_w.l(libshutdown.o)
    0x08000178   0x08000178   0x00000000   Code   RO         1543    .ARM.Collect$$libshutdown$$00000002  c_w.l(libshutdown2.o)
    0x08000178   0x08000178   0x00000000   Code   RO         1545    .ARM.Collect$$libshutdown$$00000004  c_w.l(libshutdown2.o)
    0x08000178   0x08000178   0x00000000   Code   RO         1548    .ARM.Collect$$libshutdown$$00000007  c_w.l(libshutdown2.o)
    0x08000178   0x08000178   0x00000000   Code   RO         1551    .ARM.Collect$$libshutdown$$0000000A  c_w.l(libshutdown2.o)
    0x08000178   0x08000178   0x00000000   Code   RO         1553    .ARM.Collect$$libshutdown$$0000000C  c_w.l(libshutdown2.o)
    0x08000178   0x08000178   0x00000000   Code   RO         1556    .ARM.Collect$$libshutdown$$0000000F  c_w.l(libshutdown2.o)
    0x08000178   0x08000178   0x00000002   Code   RO         1557    .ARM.Collect$$libshutdown$$00000010  c_w.l(libshutdown2.o)
    0x0800017a   0x0800017a   0x00000000   Code   RO         1375    .ARM.Collect$$rtentry$$00000000  c_w.l(__rtentry.o)
    0x0800017a   0x0800017a   0x00000000   Code   RO         1468    .ARM.Collect$$rtentry$$00000002  c_w.l(__rtentry2.o)
    0x0800017a   0x0800017a   0x00000006   Code   RO         1480    .ARM.Collect$$rtentry$$00000004  c_w.l(__rtentry4.o)
    0x08000180   0x08000180   0x00000000   Code   RO         1470    .ARM.Collect$$rtentry$$00000009  c_w.l(__rtentry2.o)
    0x08000180   0x08000180   0x00000004   Code   RO         1471    .ARM.Collect$$rtentry$$0000000A  c_w.l(__rtentry2.o)
    0x08000184   0x08000184   0x00000000   Code   RO         1473    .ARM.Collect$$rtentry$$0000000C  c_w.l(__rtentry2.o)
    0x08000184   0x08000184   0x00000008   Code   RO         1474    .ARM.Collect$$rtentry$$0000000D  c_w.l(__rtentry2.o)
    0x0800018c   0x0800018c   0x00000002   Code   RO         1532    .ARM.Collect$$rtexit$$00000000  c_w.l(rtexit.o)
    0x0800018e   0x0800018e   0x00000000   Code   RO         1563    .ARM.Collect$$rtexit$$00000002  c_w.l(rtexit2.o)
    0x0800018e   0x0800018e   0x00000004   Code   RO         1564    .ARM.Collect$$rtexit$$00000003  c_w.l(rtexit2.o)
    0x08000192   0x08000192   0x00000006   Code   RO         1565    .ARM.Collect$$rtexit$$00000004  c_w.l(rtexit2.o)
    0x08000198   0x08000198   0x00000040   Code   RO            4    .text               startup_stm32f103xb.o
    0x080001d8   0x080001d8   0x0000005e   Code   RO         1257    .text               c_w.l(h1_alloc.o)
    0x08000236   0x08000236   0x0000004e   Code   RO         1259    .text               c_w.l(h1_free.o)
    0x08000284   0x08000284   0x00000028   Code   RO         1317    .text               c_w.l(noretval__2sprintf.o)
    0x080002ac   0x080002ac   0x00000068   Code   RO         1319    .text               c_w.l(__printf.o)
    0x08000314   0x08000314   0x00000078   Code   RO         1321    .text               c_w.l(_printf_dec.o)
    0x0800038c   0x0800038c   0x0000004e   Code   RO         1345    .text               c_w.l(rt_memclr_w.o)
    0x080003da   0x080003da   0x00000006   Code   RO         1347    .text               c_w.l(heapauxi.o)
    0x080003e0   0x080003e0   0x00000008   Code   RO         1379    .text               c_w.l(rt_heap_descriptor_intlibspace.o)
    0x080003e8   0x080003e8   0x00000004   Code   RO         1381    .text               c_w.l(hguard.o)
    0x080003ec   0x080003ec   0x0000008a   Code   RO         1383    .text               c_w.l(init_alloc.o)
    0x08000476   0x08000476   0x0000000e   Code   RO         1387    .text               c_w.l(h1_init.o)
    0x08000484   0x08000484   0x000000b2   Code   RO         1399    .text               c_w.l(_printf_intcommon.o)
    0x08000536   0x08000536   0x00000002   PAD
    0x08000538   0x08000538   0x00000030   Code   RO         1401    .text               c_w.l(_printf_char_common.o)
    0x08000568   0x08000568   0x0000000a   Code   RO         1403    .text               c_w.l(_sputc.o)
    0x08000572   0x08000572   0x00000002   PAD
    0x08000574   0x08000574   0x00000008   Code   RO         1464    .text               c_w.l(libspace.o)
    0x0800057c   0x0800057c   0x00000000   Code   RO         1484    .text               c_w.l(maybetermalloc1.o)
    0x0800057c   0x0800057c   0x00000034   Code   RO         1486    .text               c_w.l(h1_extend.o)
    0x080005b0   0x080005b0   0x0000000e   Code   RO         1492    .text               c_w.l(defsig_rtmem_outer.o)
    0x080005be   0x080005be   0x00000002   Code   RO         1503    .text               c_w.l(use_no_semi.o)
    0x080005c0   0x080005c0   0x00000000   Code   RO         1505    .text               c_w.l(indicate_semi.o)
    0x080005c0   0x080005c0   0x0000004a   Code   RO         1506    .text               c_w.l(sys_stackheap_outer.o)
    0x0800060a   0x0800060a   0x00000012   Code   RO         1512    .text               c_w.l(exit.o)
    0x0800061c   0x0800061c   0x0000000a   Code   RO         1514    .text               c_w.l(defsig_exit.o)
    0x08000626   0x08000626   0x00000002   PAD
    0x08000628   0x08000628   0x00000050   Code   RO         1516    .text               c_w.l(defsig_rtmem_inner.o)
    0x08000678   0x08000678   0x0000000c   Code   RO         1528    .text               c_w.l(sys_exit.o)
    0x08000684   0x08000684   0x00000032   Code   RO         1540    .text               c_w.l(defsig_general.o)
    0x080006b6   0x080006b6   0x0000000e   Code   RO         1558    .text               c_w.l(sys_wrch.o)
    0x080006c4   0x080006c4   0x00000056   Code   RO          251    .text.ADC_ConversionStop_Disable  stm32f1xx_hal_adc.o
    0x0800071a   0x0800071a   0x00000002   PAD
    0x0800071c   0x0800071c   0x00000054   Code   RO          273    .text.ADC_DMAConvCplt  stm32f1xx_hal_adc.o
    0x08000770   0x08000770   0x0000001a   Code   RO          277    .text.ADC_DMAError  stm32f1xx_hal_adc.o
    0x0800078a   0x0800078a   0x00000002   PAD
    0x0800078c   0x0800078c   0x0000000a   Code   RO          275    .text.ADC_DMAHalfConvCplt  stm32f1xx_hal_adc.o
    0x08000796   0x08000796   0x00000002   PAD
    0x08000798   0x08000798   0x00000092   Code   RO          259    .text.ADC_Enable    stm32f1xx_hal_adc.o
    0x0800082a   0x0800082a   0x00000002   PAD
    0x0800082c   0x0800082c   0x00000002   Code   RO          190    .text.BusFault_Handler  stm32f1xx_it.o
    0x0800082e   0x0800082e   0x00000002   PAD
    0x08000830   0x08000830   0x00000010   Code   RO          202    .text.DMA1_Channel1_IRQHandler  stm32f1xx_it.o
    0x08000840   0x08000840   0x0000002c   Code   RO          486    .text.DMA_SetConfig  stm32f1xx_hal_dma.o
    0x0800086c   0x0800086c   0x00000002   Code   RO          196    .text.DebugMon_Handler  stm32f1xx_it.o
    0x0800086e   0x0800086e   0x00000002   PAD
    0x08000870   0x08000870   0x0000000a   Code   RO          121    .text.Error_Handler  main.o
    0x0800087a   0x0800087a   0x00000002   PAD
    0x0800087c   0x0800087c   0x0000010a   Code   RO          293    .text.HAL_ADC_ConfigChannel  stm32f1xx_hal_adc.o
    0x08000986   0x08000986   0x00000002   PAD
    0x08000988   0x08000988   0x0000000e   Code   RO          131    .text.HAL_ADC_ConvCpltCallback  main.o
    0x08000996   0x08000996   0x00000002   PAD
    0x08000998   0x08000998   0x00000002   Code   RO          289    .text.HAL_ADC_ConvHalfCpltCallback  stm32f1xx_hal_adc.o
    0x0800099a   0x0800099a   0x00000002   PAD
    0x0800099c   0x0800099c   0x00000002   Code   RO          291    .text.HAL_ADC_ErrorCallback  stm32f1xx_hal_adc.o
    0x0800099e   0x0800099e   0x00000002   PAD
    0x080009a0   0x080009a0   0x00000006   Code   RO          281    .text.HAL_ADC_GetValue  stm32f1xx_hal_adc.o
    0x080009a6   0x080009a6   0x00000002   PAD
    0x080009a8   0x080009a8   0x0000011c   Code   RO          247    .text.HAL_ADC_Init  stm32f1xx_hal_adc.o
    0x08000ac4   0x08000ac4   0x000000f8   Code   RO          213    .text.HAL_ADC_MspInit  stm32f1xx_hal_msp.o
    0x08000bbc   0x08000bbc   0x0000018c   Code   RO          263    .text.HAL_ADC_PollForConversion  stm32f1xx_hal_adc.o
    0x08000d48   0x08000d48   0x000000de   Code   RO          257    .text.HAL_ADC_Start  stm32f1xx_hal_adc.o
    0x08000e26   0x08000e26   0x00000002   PAD
    0x08000e28   0x08000e28   0x00000136   Code   RO          271    .text.HAL_ADC_Start_DMA  stm32f1xx_hal_adc.o
    0x08000f5e   0x08000f5e   0x00000002   PAD
    0x08000f60   0x08000f60   0x00000032   Code   RO          261    .text.HAL_ADC_Stop  stm32f1xx_hal_adc.o
    0x08000f92   0x08000f92   0x00000002   PAD
    0x08000f94   0x08000f94   0x00000182   Code   RO          496    .text.HAL_DMA_IRQHandler  stm32f1xx_hal_dma.o
    0x08001116   0x08001116   0x00000002   PAD
    0x08001118   0x08001118   0x00000088   Code   RO          480    .text.HAL_DMA_Init  stm32f1xx_hal_dma.o
    0x080011a0   0x080011a0   0x0000006c   Code   RO          488    .text.HAL_DMA_Start_IT  stm32f1xx_hal_dma.o
    0x0800120c   0x0800120c   0x00000028   Code   RO          363    .text.HAL_Delay     stm32f1xx_hal.o
    0x08001234   0x08001234   0x0000021c   Code   RO          456    .text.HAL_GPIO_Init  stm32f1xx_hal_gpio.o
    0x08001450   0x08001450   0x0000000a   Code   RO          462    .text.HAL_GPIO_WritePin  stm32f1xx_hal_gpio.o
    0x0800145a   0x0800145a   0x00000002   PAD
    0x0800145c   0x0800145c   0x0000000c   Code   RO          355    .text.HAL_GetTick   stm32f1xx_hal.o
    0x08001468   0x08001468   0x0000018e   Code   RO          727    .text.HAL_I2C_Init  stm32f1xx_hal_i2c.o
    0x080015f6   0x080015f6   0x00000002   PAD
    0x080015f8   0x080015f8   0x00000138   Code   RO          735    .text.HAL_I2C_Master_Transmit  stm32f1xx_hal_i2c.o
    0x08001730   0x08001730   0x000000c0   Code   RO          217    .text.HAL_I2C_MspInit  stm32f1xx_hal_msp.o
    0x080017f0   0x080017f0   0x0000001a   Code   RO          353    .text.HAL_IncTick   stm32f1xx_hal.o
    0x0800180a   0x0800180a   0x00000002   PAD
    0x0800180c   0x0800180c   0x00000026   Code   RO          343    .text.HAL_Init      stm32f1xx_hal.o
    0x08001832   0x08001832   0x00000002   PAD
    0x08001834   0x08001834   0x00000050   Code   RO          345    .text.HAL_InitTick  stm32f1xx_hal.o
    0x08001884   0x08001884   0x00000042   Code   RO          211    .text.HAL_MspInit   stm32f1xx_hal_msp.o
    0x080018c6   0x080018c6   0x00000002   PAD
    0x080018c8   0x080018c8   0x00000008   Code   RO          526    .text.HAL_NVIC_EnableIRQ  stm32f1xx_hal_cortex.o
    0x080018d0   0x080018d0   0x0000001e   Code   RO          518    .text.HAL_NVIC_SetPriority  stm32f1xx_hal_cortex.o
    0x080018ee   0x080018ee   0x00000002   PAD
    0x080018f0   0x080018f0   0x00000008   Code   RO          514    .text.HAL_NVIC_SetPriorityGrouping  stm32f1xx_hal_cortex.o
    0x080018f8   0x080018f8   0x000000f4   Code   RO          446    .text.HAL_RCCEx_GetPeriphCLKFreq  stm32f1xx_hal_rcc_ex.o
    0x080019ec   0x080019ec   0x0000010e   Code   RO          442    .text.HAL_RCCEx_PeriphCLKConfig  stm32f1xx_hal_rcc_ex.o
    0x08001afa   0x08001afa   0x00000002   PAD
    0x08001afc   0x08001afc   0x0000016e   Code   RO          410    .text.HAL_RCC_ClockConfig  stm32f1xx_hal_rcc.o
    0x08001c6a   0x08001c6a   0x00000002   PAD
    0x08001c6c   0x08001c6c   0x0000000c   Code   RO          420    .text.HAL_RCC_GetHCLKFreq  stm32f1xx_hal_rcc.o
    0x08001c78   0x08001c78   0x00000022   Code   RO          422    .text.HAL_RCC_GetPCLK1Freq  stm32f1xx_hal_rcc.o
    0x08001c9a   0x08001c9a   0x00000002   PAD
    0x08001c9c   0x08001c9c   0x00000022   Code   RO          424    .text.HAL_RCC_GetPCLK2Freq  stm32f1xx_hal_rcc.o
    0x08001cbe   0x08001cbe   0x00000002   PAD
    0x08001cc0   0x08001cc0   0x00000060   Code   RO          412    .text.HAL_RCC_GetSysClockFreq  stm32f1xx_hal_rcc.o
    0x08001d20   0x08001d20   0x00000314   Code   RO          406    .text.HAL_RCC_OscConfig  stm32f1xx_hal_rcc.o
    0x08002034   0x08002034   0x00000008   Code   RO          538    .text.HAL_SYSTICK_Config  stm32f1xx_hal_cortex.o
    0x0800203c   0x0800203c   0x00000076   Code   RO         1213    .text.HAL_TIMEx_MasterConfigSynchronization  stm32f1xx_hal_tim_ex.o
    0x080020b2   0x080020b2   0x00000002   PAD
    0x080020b4   0x080020b4   0x0000005a   Code   RO          899    .text.HAL_TIM_Base_Init  stm32f1xx_hal_tim.o
    0x0800210e   0x0800210e   0x00000002   PAD
    0x08002110   0x08002110   0x00000032   Code   RO          221    .text.HAL_TIM_Base_MspInit  stm32f1xx_hal_msp.o
    0x08002142   0x08002142   0x00000002   PAD
    0x08002144   0x08002144   0x00000066   Code   RO          913    .text.HAL_TIM_Base_Start_IT  stm32f1xx_hal_tim.o
    0x080021aa   0x080021aa   0x00000002   PAD
    0x080021ac   0x080021ac   0x00000032   Code   RO          915    .text.HAL_TIM_Base_Stop_IT  stm32f1xx_hal_tim.o
    0x080021de   0x080021de   0x00000002   PAD
    0x080021e0   0x080021e0   0x000000de   Code   RO         1091    .text.HAL_TIM_ConfigClockSource  stm32f1xx_hal_tim.o
    0x080022be   0x080022be   0x00000002   PAD
    0x080022c0   0x080022c0   0x00000098   Code   RO         1065    .text.HAL_TIM_PWM_ConfigChannel  stm32f1xx_hal_tim.o
    0x08002358   0x08002358   0x0000005a   Code   RO          953    .text.HAL_TIM_PWM_Init  stm32f1xx_hal_tim.o
    0x080023b2   0x080023b2   0x00000002   PAD
    0x080023b4   0x080023b4   0x00000002   Code   RO          955    .text.HAL_TIM_PWM_MspInit  stm32f1xx_hal_tim.o
    0x080023b6   0x080023b6   0x00000002   PAD
    0x080023b8   0x080023b8   0x00000002   Code   RO          186    .text.HardFault_Handler  stm32f1xx_it.o
    0x080023ba   0x080023ba   0x00000002   PAD
    0x080023bc   0x080023bc   0x00000030   Code   RO          889    .text.I2C_IsAcknowledgeFailed  stm32f1xx_hal_i2c.o
    0x080023ec   0x080023ec   0x000000b0   Code   RO          739    .text.I2C_MasterRequestWrite  stm32f1xx_hal_i2c.o
    0x0800249c   0x0800249c   0x0000006a   Code   RO          743    .text.I2C_WaitOnBTFFlagUntilTimeout  stm32f1xx_hal_i2c.o
    0x08002506   0x08002506   0x00000002   PAD
    0x08002508   0x08002508   0x000000a0   Code   RO          737    .text.I2C_WaitOnFlagUntilTimeout  stm32f1xx_hal_i2c.o
    0x080025a8   0x080025a8   0x000000a6   Code   RO          887    .text.I2C_WaitOnMasterAddressFlagUntilTimeout  stm32f1xx_hal_i2c.o
    0x0800264e   0x0800264e   0x00000002   PAD
    0x08002650   0x08002650   0x0000006a   Code   RO          741    .text.I2C_WaitOnTXEFlagUntilTimeout  stm32f1xx_hal_i2c.o
    0x080026ba   0x080026ba   0x00000002   PAD
    0x080026bc   0x080026bc   0x00000058   Code   RO          141    .text.MX_ADC1_Init  main.o
    0x08002714   0x08002714   0x00000058   Code   RO          147    .text.MX_ADC2_Init  main.o
    0x0800276c   0x0800276c   0x00000032   Code   RO          139    .text.MX_DMA_Init   main.o
    0x0800279e   0x0800279e   0x00000002   PAD
    0x080027a0   0x080027a0   0x0000008e   Code   RO          137    .text.MX_GPIO_Init  main.o
    0x0800282e   0x0800282e   0x00000002   PAD
    0x08002830   0x08002830   0x0000003e   Code   RO          145    .text.MX_I2C1_Init  main.o
    0x0800286e   0x0800286e   0x00000002   PAD
    0x08002870   0x08002870   0x0000003e   Code   RO          149    .text.MX_I2C2_Init  main.o
    0x080028ae   0x080028ae   0x00000002   PAD
    0x080028b0   0x080028b0   0x000000a8   Code   RO          143    .text.MX_TIM3_Init  main.o
    0x08002958   0x08002958   0x00000002   Code   RO          188    .text.MemManage_Handler  stm32f1xx_it.o
    0x0800295a   0x0800295a   0x00000002   PAD
    0x0800295c   0x0800295c   0x00000002   Code   RO          184    .text.NMI_Handler   stm32f1xx_it.o
    0x0800295e   0x0800295e   0x00000002   PAD
    0x08002960   0x08002960   0x0000002c   Code   RO          524    .text.NVIC_EncodePriority  stm32f1xx_hal_cortex.o
    0x0800298c   0x0800298c   0x00000002   Code   RO          198    .text.PendSV_Handler  stm32f1xx_it.o
    0x0800298e   0x0800298e   0x00000002   PAD
    0x08002990   0x08002990   0x0000002c   Code   RO          408    .text.RCC_Delay     stm32f1xx_hal_rcc.o
    0x080029bc   0x080029bc   0x00000002   Code   RO          194    .text.SVC_Handler   stm32f1xx_it.o
    0x080029be   0x080029be   0x00000002   PAD
    0x080029c0   0x080029c0   0x0000002a   Code   RO          119    .text.Select_CH1    main.o
    0x080029ea   0x080029ea   0x00000002   PAD
    0x080029ec   0x080029ec   0x0000002a   Code   RO          123    .text.Select_CH2    main.o
    0x08002a16   0x08002a16   0x00000002   PAD
    0x08002a18   0x08002a18   0x0000002a   Code   RO          125    .text.Select_CH3    main.o
    0x08002a42   0x08002a42   0x00000002   PAD
    0x08002a44   0x08002a44   0x0000002e   Code   RO          540    .text.SysTick_Config  stm32f1xx_hal_cortex.o
    0x08002a72   0x08002a72   0x00000002   PAD
    0x08002a74   0x08002a74   0x00000008   Code   RO          200    .text.SysTick_Handler  stm32f1xx_it.o
    0x08002a7c   0x08002a7c   0x0000007a   Code   RO          135    .text.SystemClock_Config  main.o
    0x08002af6   0x08002af6   0x00000002   PAD
    0x08002af8   0x08002af8   0x00000002   Code   RO         1237    .text.SystemInit    system_stm32f1xx.o
    0x08002afa   0x08002afa   0x00000002   PAD
    0x08002afc   0x08002afc   0x0000009a   Code   RO          903    .text.TIM_Base_SetConfig  stm32f1xx_hal_tim.o
    0x08002b96   0x08002b96   0x00000002   PAD
    0x08002b98   0x08002b98   0x00000016   Code   RO         1089    .text.TIM_ETR_SetConfig  stm32f1xx_hal_tim.o
    0x08002bae   0x08002bae   0x00000002   PAD
    0x08002bb0   0x08002bb0   0x00000010   Code   RO         1095    .text.TIM_ITRx_SetConfig  stm32f1xx_hal_tim.o
    0x08002bc0   0x08002bc0   0x00000060   Code   RO         1047    .text.TIM_OC1_SetConfig  stm32f1xx_hal_tim.o
    0x08002c20   0x08002c20   0x00000068   Code   RO         1049    .text.TIM_OC2_SetConfig  stm32f1xx_hal_tim.o
    0x08002c88   0x08002c88   0x00000068   Code   RO         1051    .text.TIM_OC3_SetConfig  stm32f1xx_hal_tim.o
    0x08002cf0   0x08002cf0   0x0000004a   Code   RO         1053    .text.TIM_OC4_SetConfig  stm32f1xx_hal_tim.o
    0x08002d3a   0x08002d3a   0x00000002   PAD
    0x08002d3c   0x08002d3c   0x00000022   Code   RO         1093    .text.TIM_TI1_ConfigInputStage  stm32f1xx_hal_tim.o
    0x08002d5e   0x08002d5e   0x00000002   PAD
    0x08002d60   0x08002d60   0x00000024   Code   RO         1097    .text.TIM_TI2_ConfigInputStage  stm32f1xx_hal_tim.o
    0x08002d84   0x08002d84   0x00000002   Code   RO          192    .text.UsageFault_Handler  stm32f1xx_it.o
    0x08002d86   0x08002d86   0x00000002   PAD
    0x08002d88   0x08002d88   0x00000020   Code   RO          528    .text.__NVIC_EnableIRQ  stm32f1xx_hal_cortex.o
    0x08002da8   0x08002da8   0x00000010   Code   RO          520    .text.__NVIC_GetPriorityGrouping  stm32f1xx_hal_cortex.o
    0x08002db8   0x08002db8   0x00000022   Code   RO          522    .text.__NVIC_SetPriority  stm32f1xx_hal_cortex.o
    0x08002dda   0x08002dda   0x00000002   PAD
    0x08002ddc   0x08002ddc   0x00000020   Code   RO          516    .text.__NVIC_SetPriorityGrouping  stm32f1xx_hal_cortex.o
    0x08002dfc   0x08002dfc   0x000001a2   Code   RO          129    .text.apply_equalizer  main.o
    0x08002f9e   0x08002f9e   0x00000002   PAD
    0x08002fa0   0x08002fa0   0x00000048   Code   RO           75    .text.arm_bitreversal_32  arm_bitreversal2.o
    0x08002fe8   0x08002fe8   0x000000e6   Code   RO           29    .text.arm_cfft_f32  arm_cfft_f32.o
    0x080030ce   0x080030ce   0x00000002   PAD
    0x080030d0   0x080030d0   0x000002f4   Code   RO           31    .text.arm_cfft_radix8by2_f32  arm_cfft_f32.o
    0x080033c4   0x080033c4   0x00000680   Code   RO           33    .text.arm_cfft_radix8by4_f32  arm_cfft_f32.o
    0x08003a44   0x08003a44   0x000001dc   Code   RO           84    .text.arm_cmplx_mult_cmplx_f32  arm_cmplx_mult_cmplx_f32.o
    0x08003c20   0x08003c20   0x000008dc   Code   RO           43    .text.arm_radix8_butterfly_f32  arm_cfft_radix8_f32.o
    0x080044fc   0x080044fc   0x00000048   Code   RO           56    .text.arm_rfft_fast_f32  arm_rfft_fast_f32.o
    0x08004544   0x08004544   0x0000003c   Code   RO           66    .text.arm_rfft_fast_init_f32  arm_rfft_fast_init_f32.o
    0x08004580   0x08004580   0x000001b2   Code   RO          127    .text.get_gain      main.o
    0x08004732   0x08004732   0x00000002   PAD
    0x08004734   0x08004734   0x0000001a   Code   RO          109    .text.lcd_goto_XY   i2c-lcd.o
    0x0800474e   0x0800474e   0x00000002   PAD
    0x08004750   0x08004750   0x00000058   Code   RO          103    .text.lcd_init      i2c-lcd.o
    0x080047a8   0x080047a8   0x00000044   Code   RO           99    .text.lcd_send_cmd  i2c-lcd.o
    0x080047ec   0x080047ec   0x00000044   Code   RO          101    .text.lcd_send_data  i2c-lcd.o
    0x08004830   0x08004830   0x0000001c   Code   RO          105    .text.lcd_send_string  i2c-lcd.o
    0x0800484c   0x0800484c   0x000000d0   Code   RO          133    .text.main          main.o
    0x0800491c   0x0800491c   0x0000010e   Code   RO           54    .text.merge_rfft_f32  arm_rfft_fast_f32.o
    0x08004a2a   0x08004a2a   0x00000002   PAD
    0x08004a2c   0x08004a2c   0x00000116   Code   RO           52    .text.stage_rfft_f32  arm_rfft_fast_f32.o
    0x08004b42   0x08004b42   0x00000002   PAD
    0x08004b44   0x08004b44   0x000000c4   Code   RO         1351    x$fpl$fadd          fz_ws.l(faddsub_clz.o)
    0x08004c08   0x08004c08   0x00000184   Code   RO         1358    x$fpl$fdiv          fz_ws.l(fdiv.o)
    0x08004d8c   0x08004d8c   0x00000036   Code   RO         1361    x$fpl$ffix          fz_ws.l(ffix.o)
    0x08004dc2   0x08004dc2   0x00000002   PAD
    0x08004dc4   0x08004dc4   0x00000026   Code   RO         1365    x$fpl$ffltu         fz_ws.l(fflt_clz.o)
    0x08004dea   0x08004dea   0x00000002   PAD
    0x08004dec   0x08004dec   0x00000102   Code   RO         1371    x$fpl$fmul          fz_ws.l(fmul.o)
    0x08004eee   0x08004eee   0x0000008c   Code   RO         1455    x$fpl$fnaninf       fz_ws.l(fnaninf.o)
    0x08004f7a   0x08004f7a   0x0000000a   Code   RO         1457    x$fpl$fretinf       fz_ws.l(fretinf.o)
    0x08004f84   0x08004f84   0x000000ea   Code   RO         1353    x$fpl$fsub          fz_ws.l(faddsub_clz.o)
    0x0800506e   0x0800506e   0x00000000   Code   RO         1459    x$fpl$usenofp       fz_ws.l(usenofp.o)
    0x0800506e   0x0800506e   0x00000010   Data   RO         1242    .rodata.AHBPrescTable  system_stm32f1xx.o
    0x0800507e   0x0800507e   0x00000008   Data   RO         1243    .rodata.APBPrescTable  system_stm32f1xx.o
    0x08005086   0x08005086   0x00000070   Data   RO           14    .rodata.armBitRevIndexTable64  arm_common_tables.o
    0x080050f6   0x080050f6   0x00000002   PAD
    0x080050f8   0x080050f8   0x0000366c   Data   RO           93    .rodata.coeff       filter_coeff.o
    0x08008764   0x08008764   0x00000200   Data   RO          158    .rodata.hamming     main.o
    0x08008964   0x08008964   0x00000003   Data   RO          162    .rodata.str1.1      main.o
    0x08008967   0x08008967   0x00000001   PAD
    0x08008968   0x08008968   0x00000200   Data   RO           12    .rodata.twiddleCoef_64  arm_common_tables.o
    0x08008b68   0x08008b68   0x00000200   Data   RO           15    .rodata.twiddleCoef_rfft_128  arm_common_tables.o
    0x08008d68   0x08008d68   0x00000020   Data   RO         1591    Region$$Table       anon$$obj.o


    Execution Region RW_IRAM1 (Exec base: 0x20000000, Load base: 0x08008d88, Size: 0x00002c48, Max: 0x00005000, ABSOLUTE)

    Exec Addr    Load Addr    Size         Type   Attr      Idx    E Section Name        Object

    0x20000000   0x08008d88   0x00000004   Data   RW         1241    .data.SystemCoreClock  system_stm32f1xx.o
    0x20000004   0x08008d8c   0x00000002   Data   RW          154    .data.bass          main.o
    0x20000006   0x08008d8e   0x00000002   Data   RW          155    .data.mid           main.o
    0x20000008   0x08008d90   0x00000002   Data   RW          156    .data.tremble       main.o
    0x2000000a   0x08008d92   0x00000001   Data   RW          394    .data.uwTickFreq    stm32f1xx_hal.o
    0x2000000b   0x08008d93   0x00000001   PAD
    0x2000000c   0x08008d94   0x00000004   Data   RW          393    .data.uwTickPrio    stm32f1xx_hal.o
    0x20000010        -       0x00000060   Zero   RW         1465    .bss                c_w.l(libspace.o)
    0x20000070        -       0x00000100   Zero   RW          165    .bss.adcBuf         main.o
    0x20000170        -       0x00000002   Zero   RW          161    .bss.bassgain       main.o
    0x20000172   0x08008d98   0x00000002   PAD
    0x20000174        -       0x00000004   Zero   RW          153    .bss.dac_dma_buff   main.o
    0x20000178        -       0x00000200   Zero   RW          169    .bss.dac_out        main.o
    0x20000378        -       0x00000018   Zero   RW          166    .bss.fft_instance   main.o
    0x20000390        -       0x00000200   Zero   RW          167    .bss.fft_output     main.o
    0x20000590        -       0x00000030   Zero   RW          171    .bss.hadc1          main.o
    0x200005c0        -       0x00000030   Zero   RW          160    .bss.hadc2          main.o
    0x200005f0        -       0x00000044   Zero   RW          173    .bss.hdma_adc1      main.o
    0x20000634        -       0x00000054   Zero   RW          170    .bss.hi2c1          main.o
    0x20000688        -       0x00000054   Zero   RW          174    .bss.hi2c2          main.o
    0x200006dc        -       0x00000048   Zero   RW          172    .bss.htim3          main.o
    0x20000724        -       0x00000004   Zero   RW          151    .bss.input_fft      main.o
    0x20000728        -       0x00000200   Zero   RW          168    .bss.input_ifft     main.o
    0x20000928        -       0x00000002   Zero   RW          163    .bss.midgain        main.o
    0x2000092a   0x08008d98   0x00000002   PAD
    0x2000092c        -       0x00000004   Zero   RW          157    .bss.process_ready  main.o
    0x20000930        -       0x0000000c   Zero   RW          159    .bss.sConfig1       main.o
    0x2000093c        -       0x00000004   Zero   RW          152    .bss.taps           main.o
    0x20000940        -       0x00000002   Zero   RW          164    .bss.tremgain       main.o
    0x20000942   0x08008d98   0x00000002   PAD
    0x20000944        -       0x00000004   Zero   RW          395    .bss.uwTick         stm32f1xx_hal.o
    0x20000948        -       0x00001f00   Zero   RW            2    HEAP                startup_stm32f103xb.o
    0x20002848        -       0x00000400   Zero   RW            1    STACK               startup_stm32f103xb.o


==============================================================================

Image component sizes


      Code (inc. data)   RO Data    RW Data    ZI Data      Debug   Object Name

        72          0          0          0          0        836   arm_bitreversal2.o
      2650          0          0          0          0       5279   arm_cfft_f32.o
      2268          0          0          0          0       2991   arm_cfft_radix8_f32.o
       476          0          0          0          0       1414   arm_cmplx_mult_cmplx_f32.o
         0          0       1136          0          0        814   arm_common_tables.o
       620          0          0          0          0       2822   arm_rfft_fast_f32.o
        60          0          0          0          0       1404   arm_rfft_fast_init_f32.o
         0          0      13932          0          0        416   filter_coeff.o
       278          0          0          0          0       1708   i2c-lcd.o
      1992         20        515          6       2254      12732   main.o
        64         26        236          0       8960        768   startup_stm32f103xb.o
       196          0          0          5          4       5704   stm32f1xx_hal.o
      1890          0          0          0          0      10974   stm32f1xx_hal_adc.o
       258          0          0          0          0       8313   stm32f1xx_hal_cortex.o
       674          0          0          0          0       7115   stm32f1xx_hal_dma.o
       550         20          0          0          0       4594   stm32f1xx_hal_gpio.o
      1472          0          0          0          0      39683   stm32f1xx_hal_i2c.o
       556          0          0          0          0       7991   stm32f1xx_hal_msp.o
      1374         20          0          0          0       6982   stm32f1xx_hal_rcc.o
       514         20          0          0          0       3468   stm32f1xx_hal_rcc_ex.o
      1348          4          0          0          0      41870   stm32f1xx_hal_tim.o
       118          0          0          0          0      17806   stm32f1xx_hal_tim_ex.o
        40          0          0          0          0       1096   stm32f1xx_it.o
         2          0         24          4          0       1566   system_stm32f1xx.o

    ----------------------------------------------------------------------
     17600        110      15878         16      11224     188346   Object Totals
         0          0         32          0          0          0   (incl. Generated)
       128          0          3          1          6          0   (incl. Padding)

    ----------------------------------------------------------------------

      Code (inc. data)   RO Data    RW Data    ZI Data      Debug   Library Member Name

         8          0          0          0          0         68   __main.o
       104          0          0          0          0         84   __printf.o
         0          0          0          0          0          0   __rtentry.o
        12          0          0          0          0          0   __rtentry2.o
         6          0          0          0          0          0   __rtentry4.o
        52          8          0          0          0          0   __scatter.o
        26          0          0          0          0          0   __scatter_copy.o
        28          0          0          0          0          0   __scatter_zi.o
        48          6          0          0          0         96   _printf_char_common.o
         6          0          0          0          0          0   _printf_d.o
       120         16          0          0          0         92   _printf_dec.o
       178          0          0          0          0         88   _printf_intcommon.o
         0          0          0          0          0          0   _printf_percent.o
         4          0          0          0          0          0   _printf_percent_end.o
        10          0          0          0          0         68   _sputc.o
        10          0          0          0          0         68   defsig_exit.o
        50          0          0          0          0         88   defsig_general.o
        80         58          0          0          0         76   defsig_rtmem_inner.o
        14          0          0          0          0         80   defsig_rtmem_outer.o
        18          0          0          0          0         80   exit.o
        94          0          0          0          0         80   h1_alloc.o
        52          0          0          0          0         68   h1_extend.o
        78          0          0          0          0         80   h1_free.o
        14          0          0          0          0         84   h1_init.o
         6          0          0          0          0        152   heapauxi.o
         4          0          0          0          0        136   hguard.o
         0          0          0          0          0          0   indicate_semi.o
       138          0          0          0          0        168   init_alloc.o
         2          0          0          0          0          0   libinit.o
        10          0          0          0          0          0   libinit2.o
         2          0          0          0          0          0   libshutdown.o
         2          0          0          0          0          0   libshutdown2.o
         8          4          0          0         96         68   libspace.o
         0          0          0          0          0          0   maybetermalloc1.o
        40          6          0          0          0         84   noretval__2sprintf.o
         8          4          0          0          0         68   rt_heap_descriptor_intlibspace.o
        78          0          0          0          0         80   rt_memclr_w.o
         2          0          0          0          0          0   rtexit.o
        10          0          0          0          0          0   rtexit2.o
        12          4          0          0          0         68   sys_exit.o
        74          0          0          0          0         80   sys_stackheap_outer.o
        14          0          0          0          0         76   sys_wrch.o
         2          0          0          0          0         68   use_no_semi.o
       430          8          0          0          0        168   faddsub_clz.o
       388         76          0          0          0         96   fdiv.o
        54          4          0          0          0         84   ffix.o
        38          0          0          0          0         68   fflt_clz.o
       258          4          0          0          0         84   fmul.o
       140          4          0          0          0         84   fnaninf.o
        10          0          0          0          0         68   fretinf.o
         0          0          0          0          0          0   usenofp.o

    ----------------------------------------------------------------------
      2754        202          0          0         96       2900   Library Totals
        12          0          0          0          0          0   (incl. Padding)

    ----------------------------------------------------------------------

      Code (inc. data)   RO Data    RW Data    ZI Data      Debug   Library Name

      1424        106          0          0         96       2248   c_w.l
      1318         96          0          0          0        652   fz_ws.l

    ----------------------------------------------------------------------
      2754        202          0          0         96       2900   Library Totals

    ----------------------------------------------------------------------

==============================================================================


      Code (inc. data)   RO Data    RW Data    ZI Data      Debug   

     20354        312      15878         16      11320     189362   Grand Totals
     20354        312      15878         16      11320     189362   ELF Image Totals
     20354        312      15878         16          0          0   ROM Totals

==============================================================================

    Total RO  Size (Code + RO Data)                36232 (  35.38kB)
    Total RW  Size (RW Data + ZI Data)             11336 (  11.07kB)
    Total ROM Size (Code + RO Data + RW Data)      36248 (  35.40kB)

==============================================================================

